Component: ARM Compiler 5.05 update 1 (build 106) Tool: armlink [4d0efa]

==============================================================================

Section Cross References

    stm32f4xx_hal_dma.o(i.DMA_CalcBaseAndBitshift) refers to stm32f4xx_hal_dma.o(.constdata) for .constdata
    stm32f4xx_hal_dma.o(i.HAL_DMA_Abort) refers to stm32f4xx_hal.o(i.HAL_GetTick) for HAL_GetTick
    stm32f4xx_hal_dma.o(i.HAL_DMA_DeInit) refers to stm32f4xx_hal_dma.o(i.DMA_CalcBaseAndBitshift) for DMA_CalcBaseAndBitshift
    stm32f4xx_hal_dma.o(i.HAL_DMA_Init) refers to stm32f4xx_hal_dma.o(i.DMA_CalcBaseAndBitshift) for DMA_CalcBaseAndBitshift
    stm32f4xx_hal_dma.o(i.HAL_DMA_PollForTransfer) refers to stm32f4xx_hal.o(i.HAL_GetTick) for HAL_GetTick
    stm32f4xx_hal_dma.o(i.HAL_DMA_Start) refers to stm32f4xx_hal_dma.o(i.DMA_SetConfig) for DMA_SetConfig
    stm32f4xx_hal_dma.o(i.HAL_DMA_Start_IT) refers to stm32f4xx_hal_dma.o(i.DMA_SetConfig) for DMA_SetConfig
    stm32f4xx_hal_adc.o(i.ADC_DMAConvCplt) refers to stm32f4xx_hal_adc.o(i.HAL_ADC_ConvCpltCallback) for HAL_ADC_ConvCpltCallback
    stm32f4xx_hal_adc.o(i.ADC_DMAError) refers to stm32f4xx_hal_adc.o(i.HAL_ADC_ErrorCallback) for HAL_ADC_ErrorCallback
    stm32f4xx_hal_adc.o(i.ADC_DMAHalfConvCplt) refers to stm32f4xx_hal_adc.o(i.HAL_ADC_ConvHalfCpltCallback) for HAL_ADC_ConvHalfCpltCallback
    stm32f4xx_hal_adc.o(i.HAL_ADC_ConfigChannel) refers to system_stm32f4xx.o(.data) for SystemCoreClock
    stm32f4xx_hal_adc.o(i.HAL_ADC_DeInit) refers to stm32f4xx_hal_msp.o(i.HAL_ADC_MspDeInit) for HAL_ADC_MspDeInit
    stm32f4xx_hal_adc.o(i.HAL_ADC_IRQHandler) refers to stm32f4xx_hal_adc.o(i.HAL_ADC_ConvCpltCallback) for HAL_ADC_ConvCpltCallback
    stm32f4xx_hal_adc.o(i.HAL_ADC_IRQHandler) refers to stm32f4xx_hal_adc_ex.o(i.HAL_ADCEx_InjectedConvCpltCallback) for HAL_ADCEx_InjectedConvCpltCallback
    stm32f4xx_hal_adc.o(i.HAL_ADC_IRQHandler) refers to stm32f4xx_hal_adc.o(i.HAL_ADC_LevelOutOfWindowCallback) for HAL_ADC_LevelOutOfWindowCallback
    stm32f4xx_hal_adc.o(i.HAL_ADC_IRQHandler) refers to stm32f4xx_hal_adc.o(i.HAL_ADC_ErrorCallback) for HAL_ADC_ErrorCallback
    stm32f4xx_hal_adc.o(i.HAL_ADC_Init) refers to stm32f4xx_hal_msp.o(i.HAL_ADC_MspInit) for HAL_ADC_MspInit
    stm32f4xx_hal_adc.o(i.HAL_ADC_Init) refers to stm32f4xx_hal_adc.o(i.ADC_Init) for ADC_Init
    stm32f4xx_hal_adc.o(i.HAL_ADC_PollForConversion) refers to stm32f4xx_hal.o(i.HAL_GetTick) for HAL_GetTick
    stm32f4xx_hal_adc.o(i.HAL_ADC_PollForEvent) refers to stm32f4xx_hal.o(i.HAL_GetTick) for HAL_GetTick
    stm32f4xx_hal_adc.o(i.HAL_ADC_Start) refers to system_stm32f4xx.o(.data) for SystemCoreClock
    stm32f4xx_hal_adc.o(i.HAL_ADC_Start_DMA) refers to stm32f4xx_hal_dma.o(i.HAL_DMA_Start_IT) for HAL_DMA_Start_IT
    stm32f4xx_hal_adc.o(i.HAL_ADC_Start_DMA) refers to system_stm32f4xx.o(.data) for SystemCoreClock
    stm32f4xx_hal_adc.o(i.HAL_ADC_Start_DMA) refers to stm32f4xx_hal_adc.o(i.ADC_DMAConvCplt) for ADC_DMAConvCplt
    stm32f4xx_hal_adc.o(i.HAL_ADC_Start_DMA) refers to stm32f4xx_hal_adc.o(i.ADC_DMAHalfConvCplt) for ADC_DMAHalfConvCplt
    stm32f4xx_hal_adc.o(i.HAL_ADC_Start_DMA) refers to stm32f4xx_hal_adc.o(i.ADC_DMAError) for ADC_DMAError
    stm32f4xx_hal_adc.o(i.HAL_ADC_Start_IT) refers to system_stm32f4xx.o(.data) for SystemCoreClock
    stm32f4xx_hal_adc.o(i.HAL_ADC_Stop_DMA) refers to stm32f4xx_hal_dma.o(i.HAL_DMA_Abort) for HAL_DMA_Abort
    stm32f4xx_hal_flash_ex.o(i.HAL_FLASHEx_Erase) refers to stm32f4xx_hal_flash.o(i.FLASH_WaitForLastOperation) for FLASH_WaitForLastOperation
    stm32f4xx_hal_flash_ex.o(i.HAL_FLASHEx_Erase) refers to stm32f4xx_hal_flash_ex.o(i.FLASH_MassErase) for FLASH_MassErase
    stm32f4xx_hal_flash_ex.o(i.HAL_FLASHEx_Erase) refers to stm32f4xx_hal_flash_ex.o(i.FLASH_Erase_Sector) for FLASH_Erase_Sector
    stm32f4xx_hal_flash_ex.o(i.HAL_FLASHEx_Erase) refers to stm32f4xx_hal_flash_ex.o(i.FLASH_FlushCaches) for FLASH_FlushCaches
    stm32f4xx_hal_flash_ex.o(i.HAL_FLASHEx_Erase) refers to stm32f4xx_hal_flash.o(.bss) for pFlash
    stm32f4xx_hal_flash_ex.o(i.HAL_FLASHEx_Erase_IT) refers to stm32f4xx_hal_flash_ex.o(i.FLASH_Erase_Sector) for FLASH_Erase_Sector
    stm32f4xx_hal_flash_ex.o(i.HAL_FLASHEx_Erase_IT) refers to stm32f4xx_hal_flash_ex.o(i.FLASH_MassErase) for FLASH_MassErase
    stm32f4xx_hal_flash_ex.o(i.HAL_FLASHEx_Erase_IT) refers to stm32f4xx_hal_flash.o(.bss) for pFlash
    stm32f4xx_hal_flash_ex.o(i.HAL_FLASHEx_OBProgram) refers to stm32f4xx_hal_flash.o(i.FLASH_WaitForLastOperation) for FLASH_WaitForLastOperation
    stm32f4xx_hal_flash_ex.o(i.HAL_FLASHEx_OBProgram) refers to stm32f4xx_hal_flash.o(.bss) for pFlash
    stm32f4xx_hal_dma_ex.o(i.HAL_DMAEx_MultiBufferStart) refers to stm32f4xx_hal_dma_ex.o(i.DMA_MultiBufferSetConfig) for DMA_MultiBufferSetConfig
    stm32f4xx_hal_dma_ex.o(i.HAL_DMAEx_MultiBufferStart_IT) refers to stm32f4xx_hal_dma_ex.o(i.DMA_MultiBufferSetConfig) for DMA_MultiBufferSetConfig
[...]
    i.Lcd_write_char                         0x080024bc   Section        0  thread_lcd.o(i.Lcd_write_char)
    i.Lcd_write_str                          0x080024d6   Section        0  thread_lcd.o(i.Lcd_write_str)
    i.MX_ADC1_Init                           0x080024ec   Section        0  main.o(i.MX_ADC1_Init)
    MX_ADC1_Init                             0x080024ed   Thumb Code    80  main.o(i.MX_ADC1_Init)
    i.MX_GPIO_Init                           0x08002544   Section        0  main.o(i.MX_GPIO_Init)
    MX_GPIO_Init                             0x08002545   Thumb Code   424  main.o(i.MX_GPIO_Init)
    i.MX_TIM3_Init                           0x08002708   Section        0  main.o(i.MX_TIM3_Init)
    MX_TIM3_Init                             0x08002709   Thumb Code   126  main.o(i.MX_TIM3_Init)
    i.MX_USART3_UART_Init                    0x08002790   Section        0  main.o(i.MX_USART3_UART_Init)
    i.NVIC_SetPriority                       0x080027b8   Section        0  stm32f4xx_hal_cortex.o(i.NVIC_SetPriority)
    NVIC_SetPriority                         0x080027b9   Thumb Code    32  stm32f4xx_hal_cortex.o(i.NVIC_SetPriority)
    i.SystemClock_Config                     0x080027d8   Section        0  main.o(i.SystemClock_Config)
    i.SystemInit                             0x0800286c   Section        0  system_stm32f4xx.o(i.SystemInit)
    i.TIM_Base_SetConfig                     0x080028c0   Section        0  stm32f4xx_hal_tim.o(i.TIM_Base_SetConfig)
    i.TIM_ETR_SetConfig                      0x08002980   Section        0  stm32f4xx_hal_tim.o(i.TIM_ETR_SetConfig)
    TIM_ETR_SetConfig                        0x08002981   Thumb Code    20  stm32f4xx_hal_tim.o(i.TIM_ETR_SetConfig)
    i.TIM_ITRx_SetConfig                     0x08002994   Section        0  stm32f4xx_hal_tim.o(i.TIM_ITRx_SetConfig)
    TIM_ITRx_SetConfig                       0x08002995   Thumb Code    16  stm32f4xx_hal_tim.o(i.TIM_ITRx_SetConfig)
    i.TIM_OC1_SetConfig                      0x080029a4   Section        0  stm32f4xx_hal_tim.o(i.TIM_OC1_SetConfig)
    TIM_OC1_SetConfig                        0x080029a5   Thumb Code    80  stm32f4xx_hal_tim.o(i.TIM_OC1_SetConfig)
    i.TIM_OC2_SetConfig                      0x080029fc   Section        0  stm32f4xx_hal_tim.o(i.TIM_OC2_SetConfig)
    i.TIM_OC3_SetConfig                      0x08002a60   Section        0  stm32f4xx_hal_tim.o(i.TIM_OC3_SetConfig)
    TIM_OC3_SetConfig                        0x08002a61   Thumb Code    88  stm32f4xx_hal_tim.o(i.TIM_OC3_SetConfig)
    i.TIM_OC4_SetConfig                      0x08002ac0   Section        0  stm32f4xx_hal_tim.o(i.TIM_OC4_SetConfig)
    TIM_OC4_SetConfig                        0x08002ac1   Thumb Code    70  stm32f4xx_hal_tim.o(i.TIM_OC4_SetConfig)
    i.TIM_TI1_ConfigInputStage               0x08002b10   Section        0  stm32f4xx_hal_tim.o(i.TIM_TI1_ConfigInputStage)
    TIM_TI1_ConfigInputStage                 0x08002b11   Thumb Code    34  stm32f4xx_hal_tim.o(i.TIM_TI1_ConfigInputStage)
    i.TIM_TI2_ConfigInputStage               0x08002b32   Section        0  stm32f4xx_hal_tim.o(i.TIM_TI2_ConfigInputStage)
    TIM_TI2_ConfigInputStage                 0x08002b33   Thumb Code    36  stm32f4xx_hal_tim.o(i.TIM_TI2_ConfigInputStage)
    i.Thread_LCD                             0x08002b58   Section        0  thread_lcd.o(i.Thread_LCD)
    i.Thread_Uart                            0x08002c84   Section        0  thread_uart.o(i.Thread_Uart)
    i.UART_Receive_IT                        0x08002d04   Section        0  stm32f4xx_hal_uart.o(i.UART_Receive_IT)
    UART_Receive_IT                          0x08002d05   Thumb Code   150  stm32f4xx_hal_uart.o(i.UART_Receive_IT)
    i.UART_SetConfig                         0x08002d9c   Section        0  stm32f4xx_hal_uart.o(i.UART_SetConfig)
    UART_SetConfig                           0x08002d9d   Thumb Code   676  stm32f4xx_hal_uart.o(i.UART_SetConfig)
    i.UART_Transmit_IT                       0x08003048   Section        0  stm32f4xx_hal_uart.o(i.UART_Transmit_IT)
    UART_Transmit_IT                         0x08003049   Thumb Code    98  stm32f4xx_hal_uart.o(i.UART_Transmit_IT)
    i.USART3_IRQHandler                      0x080030ac   Section        0  stm32f4xx_it.o(i.USART3_IRQHandler)
    i.__0sprintf                             0x080030b8   Section        0  printfa.o(i.__0sprintf)
    i.__hardfp_atof                          0x080030e0   Section        0  atof.o(i.__hardfp_atof)
    i.__read_errno                           0x08003118   Section        0  errno.o(i.__read_errno)
    i.__scatterload_copy                     0x08003124   Section       14  handlers.o(i.__scatterload_copy)
    i.__scatterload_null                     0x08003132   Section        2  handlers.o(i.__scatterload_null)
    i.__scatterload_zeroinit                 0x08003134   Section       14  handlers.o(i.__scatterload_zeroinit)
    i.__set_errno                            0x08003144   Section        0  errno.o(i.__set_errno)
    i._fp_digits                             0x08003150   Section        0  printfa.o(i._fp_digits)
    _fp_digits                               0x08003151   Thumb Code   334  printfa.o(i._fp_digits)
    i._init_box                              0x080032b4   Section        0  rt_membox.o(i._init_box)
    i._is_digit                              0x080032fa   Section        0  scanf_fp.o(i._is_digit)
    i._printf_core                           0x08003308   Section        0  printfa.o(i._printf_core)
    _printf_core                             0x08003309   Thumb Code  1744  printfa.o(i._printf_core)
    i._printf_post_padding                   0x080039e4   Section        0  printfa.o(i._printf_post_padding)
    _printf_post_padding                     0x080039e5   Thumb Code    36  printfa.o(i._printf_post_padding)
    i._printf_pre_padding                    0x08003a08   Section        0  printfa.o(i._printf_pre_padding)
    _printf_pre_padding                      0x08003a09   Thumb Code    46  printfa.o(i._printf_pre_padding)
    i._sputc                                 0x08003a36   Section        0  printfa.o(i._sputc)
    _sputc                                   0x08003a37   Thumb Code    10  printfa.o(i._sputc)
    i.dbg_init                               0x08003a40   Section        0  hal_cm.o(i.dbg_init)
    i.dbg_task_notify                        0x08003a70   Section        0  hal_cm.o(i.dbg_task_notify)
    i.dbg_task_switch                        0x08003a90   Section        0  hal_cm.o(i.dbg_task_switch)
    i.isrMessagePut                          0x08003aa0   Section        0  rt_cmsis.o(i.isrMessagePut)
    isrMessagePut                            0x08003aa1   Thumb Code    44  rt_cmsis.o(i.isrMessagePut)
    i.isr_mbx_receive                        0x08003acc   Section        0  rt_mailbox.o(i.isr_mbx_receive)
    i.isr_mbx_send                           0x08003b1c   Section        0  rt_mailbox.o(i.isr_mbx_send)
    i.main                                   0x08003b2c   Section        0  main.o(i.main)
    i.osDelay                                0x08003bd4   Section        0  rt_cmsis.o(i.osDelay)
    i.osKernelInitialize                     0x08003bec   Section        0  rt_cmsis.o(i.osKernelInitialize)
    i.osKernelStart                          0x08003c10   Section        0  rt_cmsis.o(i.osKernelStart)
    i.osMessageGet                           0x08003c7c   Section        0  rt_cmsis.o(i.osMessageGet)
    i.osThreadCreate                         0x08003cc0   Section        0  rt_cmsis.o(i.osThreadCreate)
    i.osThreadExit                           0x08003cf0   Section        0  rt_cmsis.o(i.osThreadExit)
    i.osThreadYield                          0x08003d08   Section        0  rt_cmsis.o(i.osThreadYield)
    i.osTimerCall                            0x08003d20   Section        0  rt_cmsis.o(i.osTimerCall)
    i.osTimerThread                          0x08003d2c   Section        0  rt_cmsis.o(i.osTimerThread)
    i.os_error                               0x08003d58   Section        0  rtx_conf_cm.o(i.os_error)
    i.os_idle_demon                          0x08003d5a   Section        0  rtx_conf_cm.o(i.os_idle_demon)
    i.os_tick_init                           0x08003d5c   Section        0  rt_system.o(i.os_tick_init)
    i.os_tick_irqack                         0x08003d84   Section        0  rt_system.o(i.os_tick_irqack)
    i.rt_alloc_box                           0x08003d86   Section        0  rt_membox.o(i.rt_alloc_box)
    i.rt_alloc_mem                           0x08003da0   Section        0  rt_memory.o(i.rt_alloc_mem)
    i.rt_block                               0x08003ddc   Section        0  rt_task.o(i.rt_block)
    i.rt_chk_robin                           0x08003e14   Section        0  rt_robin.o(i.rt_chk_robin)
    i.rt_dec_dly                             0x08003e5c   Section        0  rt_list.o(i.rt_dec_dly)
    i.rt_dispatch                            0x08003ecc   Section        0  rt_task.o(i.rt_dispatch)
    i.rt_dly_wait                            0x08003f10   Section        0  rt_time.o(i.rt_dly_wait)
    i.rt_evt_psh                             0x08003f18   Section        0  rt_event.o(i.rt_evt_psh)
    i.rt_free_box                            0x08003f68   Section        0  rt_membox.o(i.rt_free_box)
    i.rt_free_mem                            0x08003f88   Section        0  rt_memory.o(i.rt_free_mem)
    i.rt_get_first                           0x08003fb0   Section        0  rt_list.o(i.rt_get_first)
    i.rt_get_same_rdy_prio                   0x08003fd8   Section        0  rt_list.o(i.rt_get_same_rdy_prio)
    i.rt_id2obj                              0x08003ffc   Section        0  rt_cmsis.o(i.rt_id2obj)
    rt_id2obj                                0x08003ffd   Thumb Code     8  rt_cmsis.o(i.rt_id2obj)
    i.rt_init_context                        0x08004004   Section        0  rt_task.o(i.rt_init_context)
    rt_init_context                          0x08004005   Thumb Code    66  rt_task.o(i.rt_init_context)
    i.rt_init_mem                            0x0800404c   Section        0  rt_memory.o(i.rt_init_mem)
    i.rt_init_robin                          0x08004068   Section        0  rt_robin.o(i.rt_init_robin)
    i.rt_init_stack                          0x08004080   Section        0  hal_cm.o(i.rt_init_stack)
    i.rt_mbx_check                           0x080040d0   Section        0  rt_mailbox.o(i.rt_mbx_check)
    i.rt_mbx_init                            0x080040d8   Section        0  rt_mailbox.o(i.rt_mbx_init)
    i.rt_mbx_psh                             0x080040f4   Section        0  rt_mailbox.o(i.rt_mbx_psh)
    i.rt_mbx_wait                            0x080041e4   Section        0  rt_mailbox.o(i.rt_mbx_wait)
    i.rt_ms2tick                             0x08004294   Section        0  rt_cmsis.o(i.rt_ms2tick)
    rt_ms2tick                               0x08004295   Thumb Code    50  rt_cmsis.o(i.rt_ms2tick)
    i.rt_pop_req                             0x080042d0   Section        0  rt_system.o(i.rt_pop_req)
    i.rt_psh_req                             0x0800434c   Section        0  rt_system.o(i.rt_psh_req)
    i.rt_psq_enq                             0x0800436c   Section        0  rt_list.o(i.rt_psq_enq)
    i.rt_put_dly                             0x080043c4   Section        0  rt_list.o(i.rt_put_dly)
    i.rt_put_prio                            0x0800440c   Section        0  rt_list.o(i.rt_put_prio)
    i.rt_put_rdy_first                       0x08004444   Section        0  rt_list.o(i.rt_put_rdy_first)
    i.rt_resort_prio                         0x08004458   Section        0  rt_list.o(i.rt_resort_prio)
    i.rt_ret_regs                            0x0800448c   Section        0  hal_cm.o(i.rt_ret_regs)
    rt_ret_regs                              0x0800448d   Thumb Code    16  hal_cm.o(i.rt_ret_regs)
    i.rt_ret_val                             0x0800449c   Section        0  hal_cm.o(i.rt_ret_val)
    i.rt_ret_val2                            0x080044a8   Section        0  hal_cm.o(i.rt_ret_val2)
    i.rt_rmv_dly                             0x080044b8   Section        0  rt_list.o(i.rt_rmv_dly)
    i.rt_rmv_list                            0x080044e0   Section        0  rt_list.o(i.rt_rmv_list)
    i.rt_sem_psh                             0x08004510   Section        0  rt_semaphore.o(i.rt_sem_psh)
    i.rt_stk_check                           0x08004544   Section        0  rt_system.o(i.rt_stk_check)
    i.rt_switch_req                          0x08004568   Section        0  rt_task.o(i.rt_switch_req)
    i.rt_sys_init                            0x08004590   Section        0  rt_task.o(i.rt_sys_init)
    i.rt_sys_start                           0x0800465c   Section        0  rt_task.o(i.rt_sys_start)
    i.rt_systick                             0x080046d4   Section        0  rt_system.o(i.rt_systick)
    i.rt_tid2ptcb                            0x08004714   Section        0  rt_cmsis.o(i.rt_tid2ptcb)
    rt_tid2ptcb                              0x08004715   Thumb Code    18  rt_cmsis.o(i.rt_tid2ptcb)
    i.rt_timer_insert                        0x08004728   Section        0  rt_cmsis.o(i.rt_timer_insert)
    rt_timer_insert                          0x08004729   Thumb Code    50  rt_cmsis.o(i.rt_timer_insert)
    i.rt_tsk_create                          0x08004760   Section        0  rt_task.o(i.rt_tsk_create)
    i.rt_tsk_delete                          0x080047e4   Section        0  rt_task.o(i.rt_tsk_delete)
    i.rt_tsk_pass                            0x08004958   Section        0  rt_task.o(i.rt_tsk_pass)
    i.rt_tsk_prio                            0x08004988   Section        0  rt_task.o(i.rt_tsk_prio)
    i.rt_tsk_self                            0x08004a04   Section        0  rt_task.o(i.rt_tsk_self)
    i.svcDelay                               0x08004a14   Section        0  rt_cmsis.o(i.svcDelay)
    i.svcKernelInitialize                    0x08004a28   Section        0  rt_cmsis.o(i.svcKernelInitialize)
    i.svcKernelStart                         0x08004a98   Section        0  rt_cmsis.o(i.svcKernelStart)
    i.svcMessageCreate                       0x08004ae0   Section        0  rt_cmsis.o(i.svcMessageCreate)
    i.svcMessageGet                          0x08004b04   Section        0  rt_cmsis.o(i.svcMessageGet)
    i.svcThreadCreate                        0x08004b40   Section        0  rt_cmsis.o(i.svcThreadCreate)
    i.svcThreadGetId                         0x08004bb0   Section        0  rt_cmsis.o(i.svcThreadGetId)
    i.svcThreadTerminate                     0x08004bcc   Section        0  rt_cmsis.o(i.svcThreadTerminate)
    i.svcThreadYield                         0x08004c04   Section        0  rt_cmsis.o(i.svcThreadYield)
    i.svcTimerCall                           0x08004c0e   Section        0  rt_cmsis.o(i.svcTimerCall)
    i.sysTimerTick                           0x08004c28   Section        0  rt_cmsis.o(i.sysTimerTick)
    .constdata                               0x08004c7c   Section        8  stm32f4xx_hal_dma.o(.constdata)
    flagBitshiftOffset                       0x08004c7c   Data           8  stm32f4xx_hal_dma.o(.constdata)
    .constdata                               0x08004c84   Section       16  stm32f4xx_hal_rcc.o(.constdata)
    .constdata                               0x08004c94   Section       16  thread_lcd.o(.constdata)
    .constdata                               0x08004ca4   Section       16  thread_uart.o(.constdata)
    .constdata                               0x08004cb4   Section        2  rtx_conf_cm.o(.constdata)
    .constdata                               0x08004cb8   Section        4  rtx_conf_cm.o(.constdata)
    .constdata                               0x08004cbc   Section        4  rtx_conf_cm.o(.constdata)
    .constdata                               0x08004cc0   Section        4  rtx_conf_cm.o(.constdata)
    .constdata                               0x08004cc4   Section        1  rtx_conf_cm.o(.constdata)
    .constdata                               0x08004cc8   Section       16  rtx_conf_cm.o(.constdata)
    __tagsym$$used                           0x08004cc8   Number         0  rtx_conf_cm.o(.constdata)
    __tagsym$$used                           0x08004ccc   Number         0  rtx_conf_cm.o(.constdata)
    __tagsym$$used                           0x08004cd0   Number         0  rtx_conf_cm.o(.constdata)
    __tagsym$$used                           0x08004cd4   Number         0  rtx_conf_cm.o(.constdata)
    .constdata                               0x08004cd8   Section        2  rtx_conf_cm.o(.constdata)
    .constdata                               0x08004cdc   Section        4  rtx_conf_cm.o(.constdata)
    .constdata                               0x08004ce0   Section        4  rtx_conf_cm.o(.constdata)
    .constdata                               0x08004ce4   Section        1  rtx_conf_cm.o(.constdata)
    .constdata                               0x08004ce8   Section       16  rtx_conf_cm.o(.constdata)
    .constdata                               0x08004cf8   Section        8  rtx_conf_cm.o(.constdata)
    .constdata                               0x08004d00   Section        2  rtx_conf_cm.o(.constdata)
    .constdata                               0x08004d02   Section       64  ctype_c.o(.constdata)
    .data                                    0x20000000   Section        4  stm32f4xx_hal.o(.data)
    .data                                    0x20000004   Section        4  thread_lcd.o(.data)
    .data                                    0x20000008   Section        8  thread_uart.o(.data)
    .data                                    0x20000010   Section        7  gps.o(.data)
    .data                                    0x20000018   Section        4  rtx_conf_cm.o(.data)
    .data                                    0x2000001c   Section       16  rtx_conf_cm.o(.data)
    .data                                    0x2000002c   Section        4  rtx_conf_cm.o(.data)
    .data                                    0x20000030   Section        4  rtx_conf_cm.o(.data)
    .data                                    0x20000034   Section       20  system_stm32f4xx.o(.data)
    .data                                    0x20000048   Section        8  rt_cmsis.o(.data)
    .data                                    0x20000050   Section        8  rt_task.o(.data)
    .data                                    0x20000058   Section        8  rt_system.o(.data)
    os_lock                                  0x20000058   Data           1  rt_system.o(.data)
    os_psh_flag                              0x20000059   Data           1  rt_system.o(.data)
    pend_flags                               0x2000005a   Data           1  rt_system.o(.data)
    .data                                    0x20000060   Section        4  rt_time.o(.data)
    .data                                    0x20000064   Section        1  hal_cm.o(.data)
    .data                                    0x20000068   Section        8  rt_robin.o(.data)
    .data                                    0x20000070   Section        4  errno.o(.data)
    _errno                                   0x20000070   Data           4  errno.o(.data)
    .bss                                     0x20000078   Section      408  thread_uart.o(.bss)
    .bss                                     0x20000210   Section      768  gps.o(.bss)
    .bss                                     0x20000510   Section       32  rtx_conf_cm.o(.bss)
    .bss                                     0x20000530   Section      376  rtx_conf_cm.o(.bss)
    .bss                                     0x200006a8   Section    12016  rtx_conf_cm.o(.bss)
    .bss                                     0x20003598   Section     1032  rtx_conf_cm.o(.bss)
    .bss                                     0x200039a0   Section      132  rtx_conf_cm.o(.bss)
    .bss                                     0x20003a24   Section       28  rtx_conf_cm.o(.bss)
    .bss                                     0x20003a40   Section      276  main.o(.bss)
    .bss                                     0x20003b54   Section       88  main.o(.bss)
    .bss                                     0x20003bac   Section       52  rt_task.o(.bss)
    .bss                                     0x20003be0   Section       48  rt_list.o(.bss)
    STACK                                    0x20003c10   Section     1024  startup_stm32f407xx.o(STACK)

    Global Symbols

    Symbol Name                              Value     Ov Type        Size  Object(Section)

    BuildAttributes$$THM_ISAv4$E$P$D$K$B$S$7EM$VFPi3$EXTD16$VFPS$VFMA$PE$A:L22UL41UL21$X:L11$S22US41US21$IEEE1$IW$USESV6$~STKCKD$USESV7$~SHL$OTIME$ROPI$IEEEJ$EBA8$MICROLIB$REQ8$PRES8$EABIv2 0x00000000   Number         0  anon$$obj.o ABSOLUTE
    __ARM_use_no_argv                        0x00000000   Number         0  main.o ABSOLUTE
    _printf_a                                0x00000000   Number         0  stubs.o ABSOLUTE
    _printf_c                                0x00000000   Number         0  stubs.o ABSOLUTE
    _printf_charcount                        0x00000000   Number         0  stubs.o ABSOLUTE
    _printf_d                                0x00000000   Number         0  stubs.o ABSOLUTE
    _printf_e                                0x00000000   Number         0  stubs.o ABSOLUTE
    _printf_f                                0x00000000   Number         0  stubs.o ABSOLUTE
    _printf_flags                            0x00000000   Number         0  stubs.o ABSOLUTE
    _printf_fp_dec                           0x00000000   Number         0  stubs.o ABSOLUTE
    _printf_fp_hex                           0x00000000   Number         0  stubs.o ABSOLUTE
    _printf_g                                0x00000000   Number         0  stubs.o ABSOLUTE
    _printf_i                                0x00000000   Number         0  stubs.o ABSOLUTE
    _printf_int_dec                          0x00000000   Number         0  stubs.o ABSOLUTE
    _printf_l                                0x00000000   Number         0  stubs.o ABSOLUTE
    _printf_lc                               0x00000000   Number         0  stubs.o ABSOLUTE
    _printf_ll                               0x00000000   Number         0  stubs.o ABSOLUTE
    _printf_lld                              0x00000000   Number         0  stubs.o ABSOLUTE
    _printf_lli                              0x00000000   Number         0  stubs.o ABSOLUTE
    _printf_llo                              0x00000000   Number         0  stubs.o ABSOLUTE
    _printf_llu                              0x00000000   Number         0  stubs.o ABSOLUTE
    _printf_llx                              0x00000000   Number         0  stubs.o ABSOLUTE
    _printf_longlong_dec                     0x00000000   Number         0  stubs.o ABSOLUTE
    _printf_longlong_hex                     0x00000000   Number         0  stubs.o ABSOLUTE
    _printf_longlong_oct                     0x00000000   Number         0  stubs.o ABSOLUTE
    _printf_ls                               0x00000000   Number         0  stubs.o ABSOLUTE
    _printf_mbtowc                           0x00000000   Number         0  stubs.o ABSOLUTE
    _printf_n                                0x00000000   Number         0  stubs.o ABSOLUTE
    _printf_o                                0x00000000   Number         0  stubs.o ABSOLUTE
    _printf_p                                0x00000000   Number         0  stubs.o ABSOLUTE
    _printf_percent                          0x00000000   Number         0  stubs.o ABSOLUTE
    _printf_pre_padding                      0x00000000   Number         0  stubs.o ABSOLUTE
    _printf_return_value                     0x00000000   Number         0  stubs.o ABSOLUTE
    _printf_s                                0x00000000   Number         0  stubs.o ABSOLUTE
    _printf_sizespec                         0x00000000   Number         0  stubs.o ABSOLUTE
    _printf_str                              0x00000000   Number         0  stubs.o ABSOLUTE
    _printf_truncate_signed                  0x00000000   Number         0  stubs.o ABSOLUTE
    _printf_truncate_unsigned                0x00000000   Number         0  stubs.o ABSOLUTE
    _printf_u                                0x00000000   Number         0  stubs.o ABSOLUTE
    _printf_wc                               0x00000000   Number         0  stubs.o ABSOLUTE
    _printf_wctomb                           0x00000000   Number         0  stubs.o ABSOLUTE
    _printf_widthprec                        0x00000000   Number         0  stubs.o ABSOLUTE
    _printf_x                                0x00000000   Number         0  stubs.o ABSOLUTE
    __cpp_initialize__aeabi_                  - Undefined Weak Reference
    __cxa_finalize                            - Undefined Weak Reference
    __decompress                              - Undefined Weak Reference
    _clock_init                               - Undefined Weak Reference
    _microlib_exit                            - Undefined Weak Reference
    __Vectors_Size                           0x00000188   Number         0  startup_stm32f407xx.o ABSOLUTE
    __RL_RTX_VER                             0x00000473   Number         0  rt_system.o ABSOLUTE
    __Vectors                                0x08000000   Data           4  startup_stm32f407xx.o(RESET)
    __Vectors_End                            0x08000188   Data           0  startup_stm32f407xx.o(RESET)
    __main                                   0x08000189   Thumb Code     0  entry.o(.ARM.Collect$$$$00000000)
    _main_stk                                0x08000189   Thumb Code     0  entry2.o(.ARM.Collect$$$$00000001)
    _main_scatterload                        0x0800018d   Thumb Code     0  entry5.o(.ARM.Collect$$$$00000004)
    __main_after_scatterload                 0x08000191   Thumb Code     0  entry5.o(.ARM.Collect$$$$00000004)
    __rt_final_cpp                           0x08000191   Thumb Code     0  entry10a.o(.ARM.Collect$$$$0000000D)
    __rt_final_exit                          0x08000191   Thumb Code     0  entry11a.o(.ARM.Collect$$$$0000000F)
    _main_clock                              0x08000191   Thumb Code     0  entry7b.o(.ARM.Collect$$$$00000008)
    _main_cpp_init                           0x08000191   Thumb Code     0  entry8b.o(.ARM.Collect$$$$0000000A)
    _main_init                               0x08000191   Thumb Code    18  rtx_conf_cm.o(.ARM.Collect$$$$000000FF)
    rt_set_PSP                               0x080001ad   Thumb Code     6  hal_cm4.o(.emb_text)
    rt_get_PSP                               0x080001b3   Thumb Code     6  hal_cm4.o(.emb_text)
    os_set_env                               0x080001b9   Thumb Code    24  hal_cm4.o(.emb_text)
    _alloc_box                               0x080001d5   Thumb Code    28  hal_cm4.o(.emb_text)
    _free_box                                0x080001f5   Thumb Code    28  hal_cm4.o(.emb_text)
    SVC_Handler                              0x08000215   Thumb Code   148  hal_cm4.o(.emb_text)
    PendSV_Handler                           0x080002b5   Thumb Code    96  hal_cm4.o(.emb_text)
    SysTick_Handler                          0x08000319   Thumb Code     8  hal_cm4.o(.emb_text)
    OS_Tick_Handler                          0x08000321   Thumb Code    12  hal_cm4.o(.emb_text)
    Reset_Handler                            0x0800032d   Thumb Code     8  startup_stm32f407xx.o(.text)
    NMI_Handler                              0x08000335   Thumb Code     2  startup_stm32f407xx.o(.text)
    HardFault_Handler                        0x08000337   Thumb Code     2  startup_stm32f407xx.o(.text)
    MemManage_Handler                        0x08000339   Thumb Code     2  startup_stm32f407xx.o(.text)
    BusFault_Handler                         0x0800033b   Thumb Code     2  startup_stm32f407xx.o(.text)
    UsageFault_Handler                       0x0800033d   Thumb Code     2  startup_stm32f407xx.o(.text)
    DebugMon_Handler                         0x08000341   Thumb Code     2  startup_stm32f407xx.o(.text)
    CAN1_RX0_IRQHandler                      0x08000347   Thumb Code     0  startup_stm32f407xx.o(.text)
    CAN1_RX1_IRQHandler                      0x08000347   Thumb Code     0  startup_stm32f407xx.o(.text)
    CAN1_SCE_IRQHandler                      0x08000347   Thumb Code     0  startup_stm32f407xx.o(.text)
    CAN1_TX_IRQHandler                       0x08000347   Thumb Code     0  startup_stm32f407xx.o(.text)
    CAN2_RX0_IRQHandler                      0x08000347   Thumb Code     0  startup_stm32f407xx.o(.text)
    CAN2_RX1_IRQHandler                      0x08000347   Thumb Code     0  startup_stm32f407xx.o(.text)
    CAN2_SCE_IRQHandler                      0x08000347   Thumb Code     0  startup_stm32f407xx.o(.text)
    CAN2_TX_IRQHandler                       0x08000347   Thumb Code     0  startup_stm32f407xx.o(.text)
    DCMI_IRQHandler                          0x08000347   Thumb Code     0  startup_stm32f407xx.o(.text)
    DMA1_Stream0_IRQHandler                  0x08000347   Thumb Code     0  startup_stm32f407xx.o(.text)
    DMA1_Stream1_IRQHandler                  0x08000347   Thumb Code     0  startup_stm32f407xx.o(.text)
    DMA1_Stream2_IRQHandler                  0x08000347   Thumb Code     0  startup_stm32f407xx.o(.text)
    DMA1_Stream3_IRQHandler                  0x08000347   Thumb Code     0  startup_stm32f407xx.o(.text)
    DMA1_Stream4_IRQHandler                  0x08000347   Thumb Code     0  startup_stm32f407xx.o(.text)
    DMA1_Stream5_IRQHandler                  0x08000347   Thumb Code     0  startup_stm32f407xx.o(.text)
    DMA1_Stream6_IRQHandler                  0x08000347   Thumb Code     0  startup_stm32f407xx.o(.text)
    DMA1_Stream7_IRQHandler                  0x08000347   Thumb Code     0  startup_stm32f407xx.o(.text)
    DMA2_Stream1_IRQHandler                  0x08000347   Thumb Code     0  startup_stm32f407xx.o(.text)
    DMA2_Stream2_IRQHandler                  0x08000347   Thumb Code     0  startup_stm32f407xx.o(.text)
    DMA2_Stream3_IRQHandler                  0x08000347   Thumb Code     0  startup_stm32f407xx.o(.text)
    DMA2_Stream4_IRQHandler                  0x08000347   Thumb Code     0  startup_stm32f407xx.o(.text)
    DMA2_Stream5_IRQHandler                  0x08000347   Thumb Code     0  startup_stm32f407xx.o(.text)
    DMA2_Stream6_IRQHandler                  0x08000347   Thumb Code     0  startup_stm32f407xx.o(.text)
    DMA2_Stream7_IRQHandler                  0x08000347   Thumb Code     0  startup_stm32f407xx.o(.text)
    ETH_IRQHandler                           0x08000347   Thumb Code     0  startup_stm32f407xx.o(.text)
    ETH_WKUP_IRQHandler                      0x08000347   Thumb Code     0  startup_stm32f407xx.o(.text)
    EXTI0_IRQHandler                         0x08000347   Thumb Code     0  startup_stm32f407xx.o(.text)
    EXTI15_10_IRQHandler                     0x08000347   Thumb Code     0  startup_stm32f407xx.o(.text)
    EXTI1_IRQHandler                         0x08000347   Thumb Code     0  startup_stm32f407xx.o(.text)
    EXTI2_IRQHandler                         0x08000347   Thumb Code     0  startup_stm32f407xx.o(.text)
    EXTI3_IRQHandler                         0x08000347   Thumb Code     0  startup_stm32f407xx.o(.text)
    EXTI4_IRQHandler                         0x08000347   Thumb Code     0  startup_stm32f407xx.o(.text)
    EXTI9_5_IRQHandler                       0x08000347   Thumb Code     0  startup_stm32f407xx.o(.text)
    FLASH_IRQHandler                         0x08000347   Thumb Code     0  startup_stm32f407xx.o(.text)
    FMC_IRQHandler                           0x08000347   Thumb Code     0  startup_stm32f407xx.o(.text)
    FPU_IRQHandler                           0x08000347   Thumb Code     0  startup_stm32f407xx.o(.text)
    HASH_RNG_IRQHandler                      0x08000347   Thumb Code     0  startup_stm32f407xx.o(.text)
    I2C1_ER_IRQHandler                       0x08000347   Thumb Code     0  startup_stm32f407xx.o(.text)
    I2C1_EV_IRQHandler                       0x08000347   Thumb Code     0  startup_stm32f407xx.o(.text)
    I2C2_ER_IRQHandler                       0x08000347   Thumb Code     0  startup_stm32f407xx.o(.text)
    I2C2_EV_IRQHandler                       0x08000347   Thumb Code     0  startup_stm32f407xx.o(.text)
    I2C3_ER_IRQHandler                       0x08000347   Thumb Code     0  startup_stm32f407xx.o(.text)
    I2C3_EV_IRQHandler                       0x08000347   Thumb Code     0  startup_stm32f407xx.o(.text)
    OTG_FS_IRQHandler                        0x08000347   Thumb Code     0  startup_stm32f407xx.o(.text)
    OTG_FS_WKUP_IRQHandler                   0x08000347   Thumb Code     0  startup_stm32f407xx.o(.text)
    OTG_HS_EP1_IN_IRQHandler                 0x08000347   Thumb Code     0  startup_stm32f407xx.o(.text)
    OTG_HS_EP1_OUT_IRQHandler                0x08000347   Thumb Code     0  startup_stm32f407xx.o(.text)
    OTG_HS_IRQHandler                        0x08000347   Thumb Code     0  startup_stm32f407xx.o(.text)
    OTG_HS_WKUP_IRQHandler                   0x08000347   Thumb Code     0  startup_stm32f407xx.o(.text)
    PVD_IRQHandler                           0x08000347   Thumb Code     0  startup_stm32f407xx.o(.text)
    RCC_IRQHandler                           0x08000347   Thumb Code     0  startup_stm32f407xx.o(.text)
    RTC_Alarm_IRQHandler                     0x08000347   Thumb Code     0  startup_stm32f407xx.o(.text)
    RTC_WKUP_IRQHandler                      0x08000347   Thumb Code     0  startup_stm32f407xx.o(.text)
    SDIO_IRQHandler                          0x08000347   Thumb Code     0  startup_stm32f407xx.o(.text)
    SPI1_IRQHandler                          0x08000347   Thumb Code     0  startup_stm32f407xx.o(.text)
    SPI2_IRQHandler                          0x08000347   Thumb Code     0  startup_stm32f407xx.o(.text)
    SPI3_IRQHandler                          0x08000347   Thumb Code     0  startup_stm32f407xx.o(.text)
    TAMP_STAMP_IRQHandler                    0x08000347   Thumb Code     0  startup_stm32f407xx.o(.text)
    TIM1_BRK_TIM9_IRQHandler                 0x08000347   Thumb Code     0  startup_stm32f407xx.o(.text)
    TIM1_CC_IRQHandler                       0x08000347   Thumb Code     0  startup_stm32f407xx.o(.text)
    TIM1_TRG_COM_TIM11_IRQHandler            0x08000347   Thumb Code     0  startup_stm32f407xx.o(.text)
    TIM1_UP_TIM10_IRQHandler                 0x08000347   Thumb Code     0  startup_stm32f407xx.o(.text)
    TIM2_IRQHandler                          0x08000347   Thumb Code     0  startup_stm32f407xx.o(.text)
    TIM3_IRQHandler                          0x08000347   Thumb Code     0  startup_stm32f407xx.o(.text)
    TIM4_IRQHandler                          0x08000347   Thumb Code     0  startup_stm32f407xx.o(.text)
    TIM5_IRQHandler                          0x08000347   Thumb Code     0  startup_stm32f407xx.o(.text)
    TIM6_DAC_IRQHandler                      0x08000347   Thumb Code     0  startup_stm32f407xx.o(.text)
    TIM7_IRQHandler                          0x08000347   Thumb Code     0  startup_stm32f407xx.o(.text)
    TIM8_BRK_TIM12_IRQHandler                0x08000347   Thumb Code     0  startup_stm32f407xx.o(.text)
    TIM8_CC_IRQHandler                       0x08000347   Thumb Code     0  startup_stm32f407xx.o(.text)
    TIM8_TRG_COM_TIM14_IRQHandler            0x08000347   Thumb Code     0  startup_stm32f407xx.o(.text)
    TIM8_UP_TIM13_IRQHandler                 0x08000347   Thumb Code     0  startup_stm32f407xx.o(.text)
    UART4_IRQHandler                         0x08000347   Thumb Code     0  startup_stm32f407xx.o(.text)
    UART5_IRQHandler                         0x08000347   Thumb Code     0  startup_stm32f407xx.o(.text)
    USART1_IRQHandler                        0x08000347   Thumb Code     0  startup_stm32f407xx.o(.text)
    USART2_IRQHandler                        0x08000347   Thumb Code     0  startup_stm32f407xx.o(.text)
    USART6_IRQHandler                        0x08000347   Thumb Code     0  startup_stm32f407xx.o(.text)
    WWDG_IRQHandler                          0x08000347   Thumb Code     0  startup_stm32f407xx.o(.text)
    strcmp                                   0x08000351   Thumb Code    28  strcmp.o(.text)
    __aeabi_uidiv                            0x0800036d   Thumb Code     0  uidiv.o(.text)
    __aeabi_uidivmod                         0x0800036d   Thumb Code    44  uidiv.o(.text)
    __aeabi_uldivmod                         0x08000399   Thumb Code    98  uldiv.o(.text)
    __strtod_int                             0x08000433   Thumb Code    88  strtod.o(.text)
    __I$use$fp                               0x08000499   Thumb Code     0  iusefp.o(.text)
    __aeabi_dadd                             0x08000499   Thumb Code   322  dadd.o(.text)
    __aeabi_dsub                             0x080005db   Thumb Code     6  dadd.o(.text)
    __aeabi_drsub                            0x080005e1   Thumb Code     6  dadd.o(.text)
    __aeabi_dmul                             0x080005e7   Thumb Code   228  dmul.o(.text)
    __aeabi_ddiv                             0x080006cb   Thumb Code   222  ddiv.o(.text)
    __aeabi_d2ulz                            0x080007a9   Thumb Code    48  dfixul.o(.text)
    __aeabi_cdrcmple                         0x080007d9   Thumb Code    48  cdrcmple.o(.text)
    __scatterload                            0x08000809   Thumb Code    28  init.o(.text)
    __scatterload_rt2                        0x08000809   Thumb Code     0  init.o(.text)
    __aeabi_llsl                             0x0800082d   Thumb Code    30  llshl.o(.text)
    _ll_shift_l                              0x0800082d   Thumb Code     0  llshl.o(.text)
    __aeabi_llsr                             0x0800084b   Thumb Code    32  llushr.o(.text)
    _ll_ushift_r                             0x0800084b   Thumb Code     0  llushr.o(.text)
    __aeabi_lasr                             0x0800086b   Thumb Code    36  llsshr.o(.text)
    _ll_sshift_r                             0x0800086b   Thumb Code     0  llsshr.o(.text)
    isspace                                  0x0800088f   Thumb Code    10  isspace_c.o(.text)
    _scanf_real                              0x08000999   Thumb Code     0  scanf_fp.o(.text)
    _scanf_really_real                       0x08000999   Thumb Code   556  scanf_fp.o(.text)
    _sgetc                                   0x08000bd1   Thumb Code    30  _sgetc.o(.text)
    _sbackspace                              0x08000bef   Thumb Code    34  _sgetc.o(.text)
    _double_round                            0x08000c11   Thumb Code    30  depilogue.o(.text)
    _double_epilogue                         0x08000c2f   Thumb Code   156  depilogue.o(.text)
    __ctype_lookup                           0x08000ccd   Thumb Code    34  ctype_c.o(.text)
    __aeabi_ul2d                             0x08000cf5   Thumb Code    24  dfltul.o(.text)
    __aeabi_d2f                              0x08000d0d   Thumb Code    56  d2f.o(.text)
    _float_round                             0x08000d45   Thumb Code    18  fepilogue.o(.text)
    _float_epilogue                          0x08000d57   Thumb Code    92  fepilogue.o(.text)
    SVC_Count                                0x08000db4   Data           4  svc_table.o(SVC_TABLE)
    ADC_IRQHandler                           0x08000db9   Thumb Code     6  stm32f4xx_it.o(i.ADC_IRQHandler)
    SVC_Table                                0x08000db8   Data           0  svc_table.o(SVC_TABLE)
    DMA2_Stream0_IRQHandler                  0x08000ef9   Thumb Code     6  stm32f4xx_it.o(i.DMA2_Stream0_IRQHandler)
    GPS_read                                 0x08000f2d   Thumb Code   164  gps.o(i.GPS_read)
    HAL_ADCEx_InjectedConvCpltCallback       0x08000fd9   Thumb Code     2  stm32f4xx_hal_adc_ex.o(i.HAL_ADCEx_InjectedConvCpltCallback)
    HAL_ADC_ConfigChannel                    0x08000fdd   Thumb Code   322  stm32f4xx_hal_adc.o(i.HAL_ADC_ConfigChannel)
    HAL_ADC_ConvCpltCallback                 0x0800112d   Thumb Code     2  stm32f4xx_hal_adc.o(i.HAL_ADC_ConvCpltCallback)
    HAL_ADC_ErrorCallback                    0x0800112f   Thumb Code     2  stm32f4xx_hal_adc.o(i.HAL_ADC_ErrorCallback)
    HAL_ADC_IRQHandler                       0x08001131   Thumb Code   316  stm32f4xx_hal_adc.o(i.HAL_ADC_IRQHandler)
    HAL_ADC_Init                             0x0800126d   Thumb Code    84  stm32f4xx_hal_adc.o(i.HAL_ADC_Init)
    HAL_ADC_LevelOutOfWindowCallback         0x080012c1   Thumb Code     2  stm32f4xx_hal_adc.o(i.HAL_ADC_LevelOutOfWindowCallback)
    HAL_ADC_MspInit                          0x080012c5   Thumb Code   112  stm32f4xx_hal_msp.o(i.HAL_ADC_MspInit)
    HAL_DAC_ConfigChannel                    0x08001349   Thumb Code    66  stm32f4xx_hal_dac.o(i.HAL_DAC_ConfigChannel)
    HAL_DAC_Init                             0x0800138b   Thumb Code    40  stm32f4xx_hal_dac.o(i.HAL_DAC_Init)
    HAL_DAC_MspInit                          0x080013b5   Thumb Code    54  stm32f4xx_hal_msp.o(i.HAL_DAC_MspInit)
    HAL_DMA_IRQHandler                       0x080013f9   Thumb Code   412  stm32f4xx_hal_dma.o(i.HAL_DMA_IRQHandler)
    HAL_DMA_Init                             0x08001599   Thumb Code   116  stm32f4xx_hal_dma.o(i.HAL_DMA_Init)
    HAL_GPIO_Init                            0x08001611   Thumb Code   398  stm32f4xx_hal_gpio.o(i.HAL_GPIO_Init)
    HAL_GPIO_WritePin                        0x080017d1   Thumb Code    10  stm32f4xx_hal_gpio.o(i.HAL_GPIO_WritePin)
    HAL_GetTick                              0x080017dd   Thumb Code     6  stm32f4xx_hal.o(i.HAL_GetTick)
    HAL_Init                                 0x080017e9   Thumb Code    48  stm32f4xx_hal.o(i.HAL_Init)
    HAL_InitTick                             0x0800181d   Thumb Code    34  stm32f4xx_hal.o(i.HAL_InitTick)
    HAL_MspInit                              0x0800183f   Thumb Code    68  stm32f4xx_hal_msp.o(i.HAL_MspInit)
    HAL_NVIC_EnableIRQ                       0x08001883   Thumb Code    22  stm32f4xx_hal_cortex.o(i.HAL_NVIC_EnableIRQ)
    HAL_NVIC_SetPriority                     0x08001899   Thumb Code    60  stm32f4xx_hal_cortex.o(i.HAL_NVIC_SetPriority)
    HAL_NVIC_SetPriorityGrouping             0x080018d9   Thumb Code    26  stm32f4xx_hal_cortex.o(i.HAL_NVIC_SetPriorityGrouping)
    HAL_RCC_ClockConfig                      0x080018fd   Thumb Code   312  stm32f4xx_hal_rcc.o(i.HAL_RCC_ClockConfig)
    HAL_RCC_GetHCLKFreq                      0x08001a3d   Thumb Code    38  stm32f4xx_hal_rcc.o(i.HAL_RCC_GetHCLKFreq)
    HAL_RCC_GetPCLK1Freq                     0x08001a71   Thumb Code    36  stm32f4xx_hal_rcc.o(i.HAL_RCC_GetPCLK1Freq)
    HAL_RCC_GetPCLK2Freq                     0x08001a9d   Thumb Code    36  stm32f4xx_hal_rcc.o(i.HAL_RCC_GetPCLK2Freq)
    HAL_RCC_GetSysClockFreq                  0x08001ac9   Thumb Code   104  stm32f4xx_hal_rcc.o(i.HAL_RCC_GetSysClockFreq)
    HAL_RCC_OscConfig                        0x08001b39   Thumb Code   722  stm32f4xx_hal_rcc.o(i.HAL_RCC_OscConfig)
    HAL_SYSTICK_CLKSourceConfig              0x08001e1d   Thumb Code    24  stm32f4xx_hal_cortex.o(i.HAL_SYSTICK_CLKSourceConfig)
    HAL_SYSTICK_Config                       0x08001e35   Thumb Code    40  stm32f4xx_hal_cortex.o(i.HAL_SYSTICK_Config)
    HAL_TIMEx_MasterConfigSynchronization    0x08001e5d   Thumb Code    80  stm32f4xx_hal_tim_ex.o(i.HAL_TIMEx_MasterConfigSynchronization)
    HAL_TIM_Base_Init                        0x08001ead   Thumb Code    54  stm32f4xx_hal_tim.o(i.HAL_TIM_Base_Init)
    HAL_TIM_Base_MspInit                     0x08001ee5   Thumb Code    52  stm32f4xx_hal_msp.o(i.HAL_TIM_Base_MspInit)
    HAL_TIM_ConfigClockSource                0x08001f25   Thumb Code   242  stm32f4xx_hal_tim.o(i.HAL_TIM_ConfigClockSource)
    HAL_TIM_MspPostInit                      0x08002019   Thumb Code    56  stm32f4xx_hal_msp.o(i.HAL_TIM_MspPostInit)
    HAL_TIM_PWM_ConfigChannel                0x0800205d   Thumb Code   208  stm32f4xx_hal_tim.o(i.HAL_TIM_PWM_ConfigChannel)
    HAL_TIM_PWM_Init                         0x0800212d   Thumb Code    54  stm32f4xx_hal_tim.o(i.HAL_TIM_PWM_Init)
    HAL_TIM_PWM_MspInit                      0x08002163   Thumb Code     2  stm32f4xx_hal_tim.o(i.HAL_TIM_PWM_MspInit)
    HAL_UART_ErrorCallback                   0x08002165   Thumb Code    30  thread_uart.o(i.HAL_UART_ErrorCallback)
    HAL_UART_IRQHandler                      0x08002191   Thumb Code   232  stm32f4xx_hal_uart.o(i.HAL_UART_IRQHandler)
    HAL_UART_Init                            0x08002279   Thumb Code    98  stm32f4xx_hal_uart.o(i.HAL_UART_Init)
    HAL_UART_MspInit                         0x080022dd   Thumb Code    88  stm32f4xx_hal_msp.o(i.HAL_UART_MspInit)
    HAL_UART_Receive_IT                      0x08002345   Thumb Code    88  stm32f4xx_hal_uart.o(i.HAL_UART_Receive_IT)
    HAL_UART_RxCpltCallback                  0x0800239d   Thumb Code    16  thread_uart.o(i.HAL_UART_RxCpltCallback)
    HAL_UART_TxCpltCallback                  0x080023b5   Thumb Code     2  stm32f4xx_hal_uart.o(i.HAL_UART_TxCpltCallback)
    Init_Thread_LCD                          0x080023b9   Thumb Code    26  thread_lcd.o(i.Init_Thread_LCD)
    Init_Thread_Uart                         0x080023dd   Thumb Code    26  thread_uart.o(i.Init_Thread_Uart)
    Lcd_Write_Data                           0x08002401   Thumb Code   184  thread_lcd.o(i.Lcd_Write_Data)
    Lcd_write_char                           0x080024bd   Thumb Code    26  thread_lcd.o(i.Lcd_write_char)
    Lcd_write_str                            0x080024d7   Thumb Code    20  thread_lcd.o(i.Lcd_write_str)
    MX_USART3_UART_Init                      0x08002791   Thumb Code    32  main.o(i.MX_USART3_UART_Init)
    SystemClock_Config                       0x080027d9   Thumb Code   140  main.o(i.SystemClock_Config)
    SystemInit                               0x0800286d   Thumb Code    66  system_stm32f4xx.o(i.SystemInit)
    TIM_Base_SetConfig                       0x080028c1   Thumb Code   148  stm32f4xx_hal_tim.o(i.TIM_Base_SetConfig)
    TIM_OC2_SetConfig                        0x080029fd   Thumb Code    90  stm32f4xx_hal_tim.o(i.TIM_OC2_SetConfig)
    Thread_LCD                               0x08002b59   Thumb Code   260  thread_lcd.o(i.Thread_LCD)
    Thread_Uart                              0x08002c85   Thumb Code   116  thread_uart.o(i.Thread_Uart)
    USART3_IRQHandler                        0x080030ad   Thumb Code     6  stm32f4xx_it.o(i.USART3_IRQHandler)
    __0sprintf                               0x080030b9   Thumb Code    34  printfa.o(i.__0sprintf)
    __1sprintf                               0x080030b9   Thumb Code     0  printfa.o(i.__0sprintf)
    __2sprintf                               0x080030b9   Thumb Code     0  printfa.o(i.__0sprintf)
    __c89sprintf                             0x080030b9   Thumb Code     0  printfa.o(i.__0sprintf)
    sprintf                                  0x080030b9   Thumb Code     0  printfa.o(i.__0sprintf)
    __hardfp_atof                            0x080030e1   Thumb Code    44  atof.o(i.__hardfp_atof)
    __read_errno                             0x08003119   Thumb Code     6  errno.o(i.__read_errno)
    __scatterload_copy                       0x08003125   Thumb Code    14  handlers.o(i.__scatterload_copy)
    __scatterload_null                       0x08003133   Thumb Code     2  handlers.o(i.__scatterload_null)
    __scatterload_zeroinit                   0x08003135   Thumb Code    14  handlers.o(i.__scatterload_zeroinit)
    __set_errno                              0x08003145   Thumb Code     6  errno.o(i.__set_errno)
    _init_box                                0x080032b5   Thumb Code    70  rt_membox.o(i._init_box)
    _is_digit                                0x080032fb   Thumb Code    14  scanf_fp.o(i._is_digit)
    dbg_init                                 0x08003a41   Thumb Code    34  hal_cm.o(i.dbg_init)
    dbg_task_notify                          0x08003a71   Thumb Code    32  hal_cm.o(i.dbg_task_notify)
    dbg_task_switch                          0x08003a91   Thumb Code    16  hal_cm.o(i.dbg_task_switch)
    isr_mbx_receive                          0x08003acd   Thumb Code    80  rt_mailbox.o(i.isr_mbx_receive)
    isr_mbx_send                             0x08003b1d   Thumb Code    14  rt_mailbox.o(i.isr_mbx_send)
    main                                     0x08003b2d   Thumb Code   150  main.o(i.main)
    osDelay                                  0x08003bd5   Thumb Code    18  rt_cmsis.o(i.osDelay)
    osKernelInitialize                       0x08003bed   Thumb Code    30  rt_cmsis.o(i.osKernelInitialize)
    osKernelStart                            0x08003c11   Thumb Code    98  rt_cmsis.o(i.osKernelStart)
    osMessageGet                             0x08003c7d   Thumb Code    62  rt_cmsis.o(i.osMessageGet)
    osThreadCreate                           0x08003cc1   Thumb Code    38  rt_cmsis.o(i.osThreadCreate)
    osThreadExit                             0x08003cf1   Thumb Code    14  rt_cmsis.o(i.osThreadExit)
    osThreadYield                            0x08003d09   Thumb Code    18  rt_cmsis.o(i.osThreadYield)
    osTimerCall                              0x08003d21   Thumb Code     8  rt_cmsis.o(i.osTimerCall)
    osTimerThread                            0x08003d2d   Thumb Code    38  rt_cmsis.o(i.osTimerThread)
    os_error                                 0x08003d59   Thumb Code     2  rtx_conf_cm.o(i.os_error)
    os_idle_demon                            0x08003d5b   Thumb Code     2  rtx_conf_cm.o(i.os_idle_demon)
    os_tick_init                             0x08003d5d   Thumb Code    32  rt_system.o(i.os_tick_init)
    os_tick_irqack                           0x08003d85   Thumb Code     2  rt_system.o(i.os_tick_irqack)
    rt_alloc_box                             0x08003d87   Thumb Code    26  rt_membox.o(i.rt_alloc_box)
    rt_alloc_mem                             0x08003da1   Thumb Code    60  rt_memory.o(i.rt_alloc_mem)
    rt_block                                 0x08003ddd   Thumb Code    48  rt_task.o(i.rt_block)
    rt_chk_robin                             0x08003e15   Thumb Code    60  rt_robin.o(i.rt_chk_robin)
    rt_dec_dly                               0x08003e5d   Thumb Code   102  rt_list.o(i.rt_dec_dly)
    rt_dispatch                              0x08003ecd   Thumb Code    60  rt_task.o(i.rt_dispatch)
    rt_dly_wait                              0x08003f11   Thumb Code     6  rt_time.o(i.rt_dly_wait)
    rt_evt_psh                               0x08003f19   Thumb Code    76  rt_event.o(i.rt_evt_psh)
    rt_free_box                              0x08003f69   Thumb Code    32  rt_membox.o(i.rt_free_box)
    rt_free_mem                              0x08003f89   Thumb Code    40  rt_memory.o(i.rt_free_mem)
    rt_get_first                             0x08003fb1   Thumb Code    40  rt_list.o(i.rt_get_first)
    rt_get_same_rdy_prio                     0x08003fd9   Thumb Code    26  rt_list.o(i.rt_get_same_rdy_prio)
    rt_init_mem                              0x0800404d   Thumb Code    26  rt_memory.o(i.rt_init_mem)
    rt_init_robin                            0x08004069   Thumb Code    14  rt_robin.o(i.rt_init_robin)
    rt_init_stack                            0x08004081   Thumb Code    70  hal_cm.o(i.rt_init_stack)
    rt_mbx_check                             0x080040d1   Thumb Code     8  rt_mailbox.o(i.rt_mbx_check)
    rt_mbx_init                              0x080040d9   Thumb Code    28  rt_mailbox.o(i.rt_mbx_init)
    rt_mbx_psh                               0x080040f5   Thumb Code   234  rt_mailbox.o(i.rt_mbx_psh)
    rt_mbx_wait                              0x080041e5   Thumb Code   172  rt_mailbox.o(i.rt_mbx_wait)
    rt_pop_req                               0x080042d1   Thumb Code   110  rt_system.o(i.rt_pop_req)
    rt_psh_req                               0x0800434d   Thumb Code    22  rt_system.o(i.rt_psh_req)
    rt_psq_enq                               0x0800436d   Thumb Code    82  rt_list.o(i.rt_psq_enq)
    rt_put_dly                               0x080043c5   Thumb Code    68  rt_list.o(i.rt_put_dly)
    rt_put_prio                              0x0800440d   Thumb Code    54  rt_list.o(i.rt_put_prio)
    rt_put_rdy_first                         0x08004445   Thumb Code    14  rt_list.o(i.rt_put_rdy_first)
    rt_resort_prio                           0x08004459   Thumb Code    46  rt_list.o(i.rt_resort_prio)
    rt_ret_val                               0x0800449d   Thumb Code    12  hal_cm.o(i.rt_ret_val)
    rt_ret_val2                              0x080044a9   Thumb Code    16  hal_cm.o(i.rt_ret_val2)
    rt_rmv_dly                               0x080044b9   Thumb Code    40  rt_list.o(i.rt_rmv_dly)
    rt_rmv_list                              0x080044e1   Thumb Code    44  rt_list.o(i.rt_rmv_list)
    rt_sem_psh                               0x08004511   Thumb Code    48  rt_semaphore.o(i.rt_sem_psh)
    rt_stk_check                             0x08004545   Thumb Code    28  rt_system.o(i.rt_stk_check)
    rt_switch_req                            0x08004569   Thumb Code    30  rt_task.o(i.rt_switch_req)
    rt_sys_init                              0x08004591   Thumb Code   138  rt_task.o(i.rt_sys_init)
    rt_sys_start                             0x0800465d   Thumb Code   108  rt_task.o(i.rt_sys_start)
    rt_systick                               0x080046d5   Thumb Code    50  rt_system.o(i.rt_systick)
    rt_tsk_create                            0x08004761   Thumb Code   116  rt_task.o(i.rt_tsk_create)
    rt_tsk_delete                            0x080047e5   Thumb Code   342  rt_task.o(i.rt_tsk_delete)
    rt_tsk_pass                              0x08004959   Thumb Code    38  rt_task.o(i.rt_tsk_pass)
    rt_tsk_prio                              0x08004989   Thumb Code   108  rt_task.o(i.rt_tsk_prio)
    rt_tsk_self                              0x08004a05   Thumb Code    12  rt_task.o(i.rt_tsk_self)
    svcDelay                                 0x08004a15   Thumb Code    20  rt_cmsis.o(i.svcDelay)
    svcKernelInitialize                      0x08004a29   Thumb Code    80  rt_cmsis.o(i.svcKernelInitialize)
    svcKernelStart                           0x08004a99   Thumb Code    62  rt_cmsis.o(i.svcKernelStart)
    svcMessageCreate                         0x08004ae1   Thumb Code    36  rt_cmsis.o(i.svcMessageCreate)
    svcMessageGet                            0x08004b05   Thumb Code    58  rt_cmsis.o(i.svcMessageGet)
    svcThreadCreate                          0x08004b41   Thumb Code   100  rt_cmsis.o(i.svcThreadCreate)
    svcThreadGetId                           0x08004bb1   Thumb Code    22  rt_cmsis.o(i.svcThreadGetId)
    svcThreadTerminate                       0x08004bcd   Thumb Code    50  rt_cmsis.o(i.svcThreadTerminate)
    svcThreadYield                           0x08004c05   Thumb Code    10  rt_cmsis.o(i.svcThreadYield)
    svcTimerCall                             0x08004c0f   Thumb Code    24  rt_cmsis.o(i.svcTimerCall)
    sysTimerTick                             0x08004c29   Thumb Code    76  rt_cmsis.o(i.sysTimerTick)
    APBAHBPrescTable                         0x08004c84   Data          16  stm32f4xx_hal_rcc.o(.constdata)
    os_thread_def_Thread_LCD                 0x08004c94   Data          16  thread_lcd.o(.constdata)
    os_thread_def_Thread_Uart                0x08004ca4   Data          16  thread_uart.o(.constdata)
    os_maxtaskrun                            0x08004cb4   Data           2  rtx_conf_cm.o(.constdata)
    os_stackinfo                             0x08004cb8   Data           4  rtx_conf_cm.o(.constdata)
    os_rrobin                                0x08004cbc   Data           4  rtx_conf_cm.o(.constdata)
    os_trv                                   0x08004cc0   Data           4  rtx_conf_cm.o(.constdata)
    os_flags                                 0x08004cc4   Data           1  rtx_conf_cm.o(.constdata)
    CMSIS_RTOS_API_Version                   0x08004cc8   Data           4  rtx_conf_cm.o(.constdata)
    CMSIS_RTOS_RTX_Version                   0x08004ccc   Data           4  rtx_conf_cm.o(.constdata)
    os_clockrate                             0x08004cd0   Data           4  rtx_conf_cm.o(.constdata)
    os_timernum                              0x08004cd4   Data           4  rtx_conf_cm.o(.constdata)
    mp_tcb_size                              0x08004cd8   Data           2  rtx_conf_cm.o(.constdata)
    mp_stk_size                              0x08004cdc   Data           4  rtx_conf_cm.o(.constdata)
    os_stack_sz                              0x08004ce0   Data           4  rtx_conf_cm.o(.constdata)
    os_fifo_size                             0x08004ce4   Data           1  rtx_conf_cm.o(.constdata)
    os_thread_def_osTimerThread              0x08004ce8   Data          16  rtx_conf_cm.o(.constdata)
    os_messageQ_def_osTimerMessageQ          0x08004cf8   Data           8  rtx_conf_cm.o(.constdata)
    mp_tmr_size                              0x08004d00   Data           2  rtx_conf_cm.o(.constdata)
    __ctype_categories                       0x08004d02   Data          64  ctype_c.o(.constdata)
    Region$$Table$$Base                      0x08004d44   Number         0  anon$$obj.o(Region$$Table)
    Region$$Table$$Limit                     0x08004d64   Number         0  anon$$obj.o(Region$$Table)
    uwTick                                   0x20000000   Data           4  stm32f4xx_hal.o(.data)
    tid_Thread_lcd                           0x20000004   Data           4  thread_lcd.o(.data)
    uart_flag_rx                             0x20000008   Data           4  thread_uart.o(.data)
    tid_Thread_uart                          0x2000000c   Data           4  thread_uart.o(.data)
    frame                                    0x20000010   Data           7  gps.o(.data)
    m_tmr                                    0x20000018   Data           4  rtx_conf_cm.o(.data)
    os_thread_def_main                       0x2000001c   Data          16  rtx_conf_cm.o(.data)
    osThreadId_osTimerThread                 0x2000002c   Data           4  rtx_conf_cm.o(.data)
    osMessageQId_osTimerMessageQ             0x20000030   Data           4  rtx_conf_cm.o(.data)
    SystemCoreClock                          0x20000034   Data           4  system_stm32f4xx.o(.data)
    AHBPrescTable                            0x20000038   Data          16  system_stm32f4xx.o(.data)
    os_initialized                           0x20000048   Data           1  rt_cmsis.o(.data)
    os_running                               0x20000049   Data           1  rt_cmsis.o(.data)
    os_timer_head                            0x2000004c   Data           4  rt_cmsis.o(.data)
    os_tsk                                   0x20000050   Data           8  rt_task.o(.data)
    os_tick_irqn                             0x2000005c   Data           4  rt_system.o(.data)
    os_time                                  0x20000060   Data           4  rt_time.o(.data)
    dbg_msg                                  0x20000064   Data           1  hal_cm.o(.data)
    os_robin                                 0x20000068   Data           8  rt_robin.o(.data)
    uart_buffer_rx                           0x20000078   Data          16  thread_uart.o(.bss)
    uart_buffer_gps                          0x20000088   Data         200  thread_uart.o(.bss)
    gps                                      0x20000150   Data         192  thread_uart.o(.bss)
    gps_data                                 0x20000210   Data         768  gps.o(.bss)
    os_messageQ_q_osTimerMessageQ            0x20000510   Data          32  rtx_conf_cm.o(.bss)
    mp_tcb                                   0x20000530   Data         376  rtx_conf_cm.o(.bss)
    mp_stk                                   0x200006a8   Data       12016  rtx_conf_cm.o(.bss)
    os_stack_mem                             0x20003598   Data        1032  rtx_conf_cm.o(.bss)
    os_fifo                                  0x200039a0   Data         132  rtx_conf_cm.o(.bss)
    os_active_TCB                            0x20003a24   Data          28  rtx_conf_cm.o(.bss)
    hadc1                                    0x20003a40   Data          72  main.o(.bss)
    hdac                                     0x20003a88   Data          20  main.o(.bss)
    htim3                                    0x20003a9c   Data          60  main.o(.bss)
    htim6                                    0x20003ad8   Data          60  main.o(.bss)
    huart3                                   0x20003b14   Data          64  main.o(.bss)
    hdma_adc1                                0x20003b54   Data          88  main.o(.bss)
    os_idle_TCB                              0x20003bac   Data          52  rt_task.o(.bss)
    os_rdy                                   0x20003be0   Data          24  rt_list.o(.bss)
    os_dly                                   0x20003bf8   Data          24  rt_list.o(.bss)
    __initial_sp                             0x20004010   Data           0  startup_stm32f407xx.o(STACK)



==============================================================================

Memory Map of the image

  Image Entry point : 0x08000189

  Load Region LR_IROM1 (Base: 0x08000000, Size: 0x00004dd8, Max: 0x00100000, ABSOLUTE)

    Execution Region ER_IROM1 (Base: 0x08000000, Size: 0x00004d64, Max: 0x00100000, ABSOLUTE)

    Base Addr    Size         Type   Attr      Idx    E Section Name        Object

    0x08000000   0x00000188   Data   RO         2892    RESET               startup_stm32f407xx.o
    0x08000188   0x00000000   Code   RO         4310  * .ARM.Collect$$$$00000000  mc_w.l(entry.o)
    0x08000188   0x00000004   Code   RO         4578    .ARM.Collect$$$$00000001  mc_w.l(entry2.o)
    0x0800018c   0x00000004   Code   RO         4581    .ARM.Collect$$$$00000004  mc_w.l(entry5.o)
    0x08000190   0x00000000   Code   RO         4583    .ARM.Collect$$$$00000008  mc_w.l(entry7b.o)
    0x08000190   0x00000000   Code   RO         4585    .ARM.Collect$$$$0000000A  mc_w.l(entry8b.o)
    0x08000190   0x00000000   Code   RO         4586    .ARM.Collect$$$$0000000D  mc_w.l(entry10a.o)
    0x08000190   0x00000000   Code   RO         4588    .ARM.Collect$$$$0000000F  mc_w.l(entry11a.o)
    0x08000190   0x00000018   Code   RO         2831    .ARM.Collect$$$$000000FF  rtx_conf_cm.o
    0x080001a8   0x00000004   Code   RO         4579    .ARM.Collect$$$$00002712  mc_w.l(entry2.o)
    0x080001ac   0x00000180   Code   RO         4291    .emb_text           RTX_CM4.lib(hal_cm4.o)
    0x0800032c   0x00000024   Code   RO         2893    .text               startup_stm32f407xx.o
    0x08000350   0x0000001c   Code   RO         4313    .text               mc_w.l(strcmp.o)
    0x0800036c   0x0000002c   Code   RO         4593    .text               mc_w.l(uidiv.o)
    0x08000398   0x00000062   Code   RO         4595    .text               mc_w.l(uldiv.o)
    0x080003fa   0x00000002   PAD
    0x080003fc   0x0000009c   Code   RO         4604    .text               mc_w.l(strtod.o)
    0x08000498   0x00000000   Code   RO         4606    .text               mc_w.l(iusefp.o)
    0x08000498   0x0000014e   Code   RO         4607    .text               mf_w.l(dadd.o)
    0x080005e6   0x000000e4   Code   RO         4609    .text               mf_w.l(dmul.o)
    0x080006ca   0x000000de   Code   RO         4611    .text               mf_w.l(ddiv.o)
    0x080007a8   0x00000030   Code   RO         4613    .text               mf_w.l(dfixul.o)
    0x080007d8   0x00000030   Code   RO         4615    .text               mf_w.l(cdrcmple.o)
    0x08000808   0x00000024   Code   RO         4617    .text               mc_w.l(init.o)
    0x0800082c   0x0000001e   Code   RO         4620    .text               mc_w.l(llshl.o)
    0x0800084a   0x00000020   Code   RO         4622    .text               mc_w.l(llushr.o)
    0x0800086a   0x00000024   Code   RO         4624    .text               mc_w.l(llsshr.o)
    0x0800088e   0x0000000a   Code   RO         4626    .text               mc_w.l(isspace_c.o)
    0x08000898   0x00000338   Code   RO         4628    .text               mc_w.l(scanf_fp.o)
    0x08000bd0   0x00000040   Code   RO         4632    .text               mc_w.l(_sgetc.o)
    0x08000c10   0x000000ba   Code   RO         4635    .text               mf_w.l(depilogue.o)
    0x08000cca   0x00000002   PAD
    0x08000ccc   0x00000028   Code   RO         4637    .text               mc_w.l(ctype_c.o)
    0x08000cf4   0x00000018   Code   RO         4640    .text               mf_w.l(dfltul.o)
    0x08000d0c   0x00000038   Code   RO         4642    .text               mf_w.l(d2f.o)
    0x08000d44   0x0000006e   Code   RO         4644    .text               mf_w.l(fepilogue.o)
    0x08000db2   0x00000002   PAD
    0x08000db4   0x00000004   Code   RO         4301    SVC_TABLE           RTX_CM4.lib(svc_table.o)
    0x08000db8   0x0000000c   Code   RO         2936    i.ADC_IRQHandler    stm32f4xx_it.o
    0x08000dc4   0x00000134   Code   RO          198    i.ADC_Init          stm32f4xx_hal_adc.o
    0x08000ef8   0x0000000c   Code   RO         2937    i.DMA2_Stream0_IRQHandler  stm32f4xx_it.o
    0x08000f04   0x00000028   Code   RO            4    i.DMA_CalcBaseAndBitshift  stm32f4xx_hal_dma.o
    0x08000f2c   0x000000ac   Code   RO         2809    i.GPS_read          gps.o
    0x08000fd8   0x00000002   Code   RO         2127    i.HAL_ADCEx_InjectedConvCpltCallback  stm32f4xx_hal_adc_ex.o
    0x08000fda   0x00000002   PAD
    0x08000fdc   0x00000150   Code   RO          200    i.HAL_ADC_ConfigChannel  stm32f4xx_hal_adc.o
    0x0800112c   0x00000002   Code   RO          201    i.HAL_ADC_ConvCpltCallback  stm32f4xx_hal_adc.o
    0x0800112e   0x00000002   Code   RO          204    i.HAL_ADC_ErrorCallback  stm32f4xx_hal_adc.o
    0x08001130   0x0000013c   Code   RO          208    i.HAL_ADC_IRQHandler  stm32f4xx_hal_adc.o
    0x0800126c   0x00000054   Code   RO          209    i.HAL_ADC_Init      stm32f4xx_hal_adc.o
    0x080012c0   0x00000002   Code   RO          210    i.HAL_ADC_LevelOutOfWindowCallback  stm32f4xx_hal_adc.o
    0x080012c2   0x00000002   PAD
    0x080012c4   0x00000084   Code   RO         2977    i.HAL_ADC_MspInit   stm32f4xx_hal_msp.o
    0x08001348   0x00000042   Code   RO          587    i.HAL_DAC_ConfigChannel  stm32f4xx_hal_dac.o
    0x0800138a   0x00000028   Code   RO          597    i.HAL_DAC_Init      stm32f4xx_hal_dac.o
    0x080013b2   0x00000002   PAD
    0x080013b4   0x00000044   Code   RO         2979    i.HAL_DAC_MspInit   stm32f4xx_hal_msp.o
    0x080013f8   0x000001a0   Code   RO           10    i.HAL_DMA_IRQHandler  stm32f4xx_hal_dma.o
    0x08001598   0x00000078   Code   RO           11    i.HAL_DMA_Init      stm32f4xx_hal_dma.o
    0x08001610   0x000001c0   Code   RO         2627    i.HAL_GPIO_Init     stm32f4xx_hal_gpio.o
    0x080017d0   0x0000000a   Code   RO         2631    i.HAL_GPIO_WritePin  stm32f4xx_hal_gpio.o
    0x080017da   0x00000002   PAD
    0x080017dc   0x0000000c   Code   RO          822    i.HAL_GetTick       stm32f4xx_hal.o
    0x080017e8   0x00000034   Code   RO          824    i.HAL_Init          stm32f4xx_hal.o
    0x0800181c   0x00000022   Code   RO          825    i.HAL_InitTick      stm32f4xx_hal.o
    0x0800183e   0x00000044   Code   RO         2980    i.HAL_MspInit       stm32f4xx_hal_msp.o
    0x08001882   0x00000016   Code   RO         1883    i.HAL_NVIC_EnableIRQ  stm32f4xx_hal_cortex.o
    0x08001898   0x00000040   Code   RO         1889    i.HAL_NVIC_SetPriority  stm32f4xx_hal_cortex.o
    0x080018d8   0x00000024   Code   RO         1890    i.HAL_NVIC_SetPriorityGrouping  stm32f4xx_hal_cortex.o
    0x080018fc   0x00000140   Code   RO         2466    i.HAL_RCC_ClockConfig  stm32f4xx_hal_rcc.o
    0x08001a3c   0x00000034   Code   RO         2471    i.HAL_RCC_GetHCLKFreq  stm32f4xx_hal_rcc.o
    0x08001a70   0x0000002c   Code   RO         2473    i.HAL_RCC_GetPCLK1Freq  stm32f4xx_hal_rcc.o
    0x08001a9c   0x0000002c   Code   RO         2474    i.HAL_RCC_GetPCLK2Freq  stm32f4xx_hal_rcc.o
    0x08001ac8   0x00000070   Code   RO         2475    i.HAL_RCC_GetSysClockFreq  stm32f4xx_hal_rcc.o
    0x08001b38   0x000002e4   Code   RO         2478    i.HAL_RCC_OscConfig  stm32f4xx_hal_rcc.o
    0x08001e1c   0x00000018   Code   RO         1892    i.HAL_SYSTICK_CLKSourceConfig  stm32f4xx_hal_cortex.o
    0x08001e34   0x00000028   Code   RO         1894    i.HAL_SYSTICK_Config  stm32f4xx_hal_cortex.o
    0x08001e5c   0x00000050   Code   RO          973    i.HAL_TIMEx_MasterConfigSynchronization  stm32f4xx_hal_tim_ex.o
    0x08001eac   0x00000036   Code   RO         1233    i.HAL_TIM_Base_Init  stm32f4xx_hal_tim.o
    0x08001ee2   0x00000002   PAD
    0x08001ee4   0x00000040   Code   RO         2982    i.HAL_TIM_Base_MspInit  stm32f4xx_hal_msp.o
    0x08001f24   0x000000f2   Code   RO         1242    i.HAL_TIM_ConfigClockSource  stm32f4xx_hal_tim.o
    0x08002016   0x00000002   PAD
    0x08002018   0x00000044   Code   RO         2983    i.HAL_TIM_MspPostInit  stm32f4xx_hal_msp.o
    0x0800205c   0x000000d0   Code   RO         1299    i.HAL_TIM_PWM_ConfigChannel  stm32f4xx_hal_tim.o
    0x0800212c   0x00000036   Code   RO         1302    i.HAL_TIM_PWM_Init  stm32f4xx_hal_tim.o
    0x08002162   0x00000002   Code   RO         1304    i.HAL_TIM_PWM_MspInit  stm32f4xx_hal_tim.o
    0x08002164   0x0000002c   Code   RO         2757    i.HAL_UART_ErrorCallback  thread_uart.o
    0x08002190   0x000000e8   Code   RO         2243    i.HAL_UART_IRQHandler  stm32f4xx_hal_uart.o
    0x08002278   0x00000062   Code   RO         2244    i.HAL_UART_Init     stm32f4xx_hal_uart.o
    0x080022da   0x00000002   PAD
    0x080022dc   0x00000068   Code   RO         2985    i.HAL_UART_MspInit  stm32f4xx_hal_msp.o
    0x08002344   0x00000058   Code   RO         2249    i.HAL_UART_Receive_IT  stm32f4xx_hal_uart.o
    0x0800239c   0x00000018   Code   RO         2758    i.HAL_UART_RxCpltCallback  thread_uart.o
    0x080023b4   0x00000002   Code   RO         2255    i.HAL_UART_TxCpltCallback  stm32f4xx_hal_uart.o
    0x080023b6   0x00000002   PAD
    0x080023b8   0x00000024   Code   RO         2690    i.Init_Thread_LCD   thread_lcd.o
    0x080023dc   0x00000024   Code   RO         2759    i.Init_Thread_Uart  thread_uart.o
    0x08002400   0x000000bc   Code   RO         2691    i.Lcd_Write_Data    thread_lcd.o
    0x080024bc   0x0000001a   Code   RO         2692    i.Lcd_write_char    thread_lcd.o
    0x080024d6   0x00000014   Code   RO         2693    i.Lcd_write_str     thread_lcd.o
    0x080024ea   0x00000002   PAD
    0x080024ec   0x00000058   Code   RO         3055    i.MX_ADC1_Init      main.o
    0x08002544   0x000001c4   Code   RO         3056    i.MX_GPIO_Init      main.o
    0x08002708   0x00000088   Code   RO         3057    i.MX_TIM3_Init      main.o
    0x08002790   0x00000028   Code   RO         3058    i.MX_USART3_UART_Init  main.o
    0x080027b8   0x00000020   Code   RO         1896    i.NVIC_SetPriority  stm32f4xx_hal_cortex.o
    0x080027d8   0x00000094   Code   RO         3059    i.SystemClock_Config  main.o
    0x0800286c   0x00000054   Code   RO         2901    i.SystemInit        system_stm32f4xx.o
    0x080028c0   0x000000c0   Code   RO         1317    i.TIM_Base_SetConfig  stm32f4xx_hal_tim.o
    0x08002980   0x00000014   Code   RO         1324    i.TIM_ETR_SetConfig  stm32f4xx_hal_tim.o
    0x08002994   0x00000010   Code   RO         1325    i.TIM_ITRx_SetConfig  stm32f4xx_hal_tim.o
    0x080029a4   0x00000058   Code   RO         1326    i.TIM_OC1_SetConfig  stm32f4xx_hal_tim.o
    0x080029fc   0x00000064   Code   RO         1327    i.TIM_OC2_SetConfig  stm32f4xx_hal_tim.o
    0x08002a60   0x00000060   Code   RO         1328    i.TIM_OC3_SetConfig  stm32f4xx_hal_tim.o
    0x08002ac0   0x00000050   Code   RO         1329    i.TIM_OC4_SetConfig  stm32f4xx_hal_tim.o
    0x08002b10   0x00000022   Code   RO         1331    i.TIM_TI1_ConfigInputStage  stm32f4xx_hal_tim.o
    0x08002b32   0x00000024   Code   RO         1333    i.TIM_TI2_ConfigInputStage  stm32f4xx_hal_tim.o
    0x08002b56   0x00000002   PAD
    0x08002b58   0x0000012c   Code   RO         2694    i.Thread_LCD        thread_lcd.o
    0x08002c84   0x00000080   Code   RO         2760    i.Thread_Uart       thread_uart.o
    0x08002d04   0x00000096   Code   RO         2262    i.UART_Receive_IT   stm32f4xx_hal_uart.o
    0x08002d9a   0x00000002   PAD
    0x08002d9c   0x000002ac   Code   RO         2263    i.UART_SetConfig    stm32f4xx_hal_uart.o
    0x08003048   0x00000062   Code   RO         2264    i.UART_Transmit_IT  stm32f4xx_hal_uart.o
    0x080030aa   0x00000002   PAD
    0x080030ac   0x0000000c   Code   RO         2938    i.USART3_IRQHandler  stm32f4xx_it.o
    0x080030b8   0x00000028   Code   RO         4550    i.__0sprintf        mc_w.l(printfa.o)
    0x080030e0   0x00000038   Code   RO         4304    i.__hardfp_atof     m_wm.l(atof.o)
    0x08003118   0x0000000c   Code   RO         4598    i.__read_errno      mc_w.l(errno.o)
    0x08003124   0x0000000e   Code   RO         4648    i.__scatterload_copy  mc_w.l(handlers.o)
    0x08003132   0x00000002   Code   RO         4649    i.__scatterload_null  mc_w.l(handlers.o)
    0x08003134   0x0000000e   Code   RO         4650    i.__scatterload_zeroinit  mc_w.l(handlers.o)
    0x08003142   0x00000002   PAD
    0x08003144   0x0000000c   Code   RO         4599    i.__set_errno       mc_w.l(errno.o)
    0x08003150   0x00000164   Code   RO         4555    i._fp_digits        mc_w.l(printfa.o)
    0x080032b4   0x00000046   Code   RO         4164    i._init_box         RTX_CM4.lib(rt_membox.o)
    0x080032fa   0x0000000e   Code   RO         4630    i._is_digit         mc_w.l(scanf_fp.o)
    0x08003308   0x000006dc   Code   RO         4556    i._printf_core      mc_w.l(printfa.o)
    0x080039e4   0x00000024   Code   RO         4557    i._printf_post_padding  mc_w.l(printfa.o)
    0x08003a08   0x0000002e   Code   RO         4558    i._printf_pre_padding  mc_w.l(printfa.o)
    0x08003a36   0x0000000a   Code   RO         4560    i._sputc            mc_w.l(printfa.o)
    0x08003a40   0x00000030   Code   RO         4217    i.dbg_init          RTX_CM4.lib(hal_cm.o)
    0x08003a70   0x00000020   Code   RO         4218    i.dbg_task_notify   RTX_CM4.lib(hal_cm.o)
    0x08003a90   0x00000010   Code   RO         4219    i.dbg_task_switch   RTX_CM4.lib(hal_cm.o)
    0x08003aa0   0x0000002c   Code   RO         3115    i.isrMessagePut     RTX_CM4.lib(rt_cmsis.o)
    0x08003acc   0x00000050   Code   RO         4010    i.isr_mbx_receive   RTX_CM4.lib(rt_mailbox.o)
    0x08003b1c   0x0000000e   Code   RO         4011    i.isr_mbx_send      RTX_CM4.lib(rt_mailbox.o)
    0x08003b2a   0x00000002   PAD
    0x08003b2c   0x000000a8   Code   RO         3060    i.main              main.o
    0x08003bd4   0x00000018   Code   RO         3116    i.osDelay           RTX_CM4.lib(rt_cmsis.o)
    0x08003bec   0x00000024   Code   RO         3117    i.osKernelInitialize  RTX_CM4.lib(rt_cmsis.o)
    0x08003c10   0x0000006c   Code   RO         3119    i.osKernelStart     RTX_CM4.lib(rt_cmsis.o)
    0x08003c7c   0x00000044   Code   RO         3128    i.osMessageGet      RTX_CM4.lib(rt_cmsis.o)
    0x08003cc0   0x00000030   Code   RO         3145    i.osThreadCreate    RTX_CM4.lib(rt_cmsis.o)
    0x08003cf0   0x00000018   Code   RO         3146    i.osThreadExit      RTX_CM4.lib(rt_cmsis.o)
    0x08003d08   0x00000018   Code   RO         3151    i.osThreadYield     RTX_CM4.lib(rt_cmsis.o)
    0x08003d20   0x0000000c   Code   RO         3152    i.osTimerCall       RTX_CM4.lib(rt_cmsis.o)
    0x08003d2c   0x0000002c   Code   RO         3157    i.osTimerThread     RTX_CM4.lib(rt_cmsis.o)
    0x08003d58   0x00000002   Code   RO         2832    i.os_error          rtx_conf_cm.o
    0x08003d5a   0x00000002   Code   RO         2833    i.os_idle_demon     rtx_conf_cm.o
    0x08003d5c   0x00000028   Code   RO         3802    i.os_tick_init      RTX_CM4.lib(rt_system.o)
    0x08003d84   0x00000002   Code   RO         3803    i.os_tick_irqack    RTX_CM4.lib(rt_system.o)
    0x08003d86   0x0000001a   Code   RO         4165    i.rt_alloc_box      RTX_CM4.lib(rt_membox.o)
    0x08003da0   0x0000003c   Code   RO         4193    i.rt_alloc_mem      RTX_CM4.lib(rt_memory.o)
    0x08003ddc   0x00000038   Code   RO         3717    i.rt_block          RTX_CM4.lib(rt_task.o)
    0x08003e14   0x00000048   Code   RO         4270    i.rt_chk_robin      RTX_CM4.lib(rt_robin.o)
    0x08003e5c   0x00000070   Code   RO         3934    i.rt_dec_dly        RTX_CM4.lib(rt_list.o)
    0x08003ecc   0x00000044   Code   RO         3718    i.rt_dispatch       RTX_CM4.lib(rt_task.o)
    0x08003f10   0x00000006   Code   RO         4100    i.rt_dly_wait       RTX_CM4.lib(rt_time.o)
    0x08003f16   0x00000002   PAD
    0x08003f18   0x00000050   Code   RO         3895    i.rt_evt_psh        RTX_CM4.lib(rt_event.o)
    0x08003f68   0x00000020   Code   RO         4166    i.rt_free_box       RTX_CM4.lib(rt_membox.o)
    0x08003f88   0x00000028   Code   RO         4194    i.rt_free_mem       RTX_CM4.lib(rt_memory.o)
    0x08003fb0   0x00000028   Code   RO         3935    i.rt_get_first      RTX_CM4.lib(rt_list.o)
    0x08003fd8   0x00000024   Code   RO         3936    i.rt_get_same_rdy_prio  RTX_CM4.lib(rt_list.o)
    0x08003ffc   0x00000008   Code   RO         3162    i.rt_id2obj         RTX_CM4.lib(rt_cmsis.o)
    0x08004004   0x00000048   Code   RO         3719    i.rt_init_context   RTX_CM4.lib(rt_task.o)
    0x0800404c   0x0000001a   Code   RO         4195    i.rt_init_mem       RTX_CM4.lib(rt_memory.o)
    0x08004066   0x00000002   PAD
    0x08004068   0x00000018   Code   RO         4271    i.rt_init_robin     RTX_CM4.lib(rt_robin.o)
    0x08004080   0x00000050   Code   RO         4220    i.rt_init_stack     RTX_CM4.lib(hal_cm.o)
    0x080040d0   0x00000008   Code   RO         4012    i.rt_mbx_check      RTX_CM4.lib(rt_mailbox.o)
    0x080040d8   0x0000001c   Code   RO         4013    i.rt_mbx_init       RTX_CM4.lib(rt_mailbox.o)
    0x080040f4   0x000000f0   Code   RO         4014    i.rt_mbx_psh        RTX_CM4.lib(rt_mailbox.o)
    0x080041e4   0x000000b0   Code   RO         4016    i.rt_mbx_wait       RTX_CM4.lib(rt_mailbox.o)
    0x08004294   0x0000003c   Code   RO         3163    i.rt_ms2tick        RTX_CM4.lib(rt_cmsis.o)
    0x080042d0   0x0000007c   Code   RO         3806    i.rt_pop_req        RTX_CM4.lib(rt_system.o)
    0x0800434c   0x00000020   Code   RO         3807    i.rt_psh_req        RTX_CM4.lib(rt_system.o)
    0x0800436c   0x00000058   Code   RO         3937    i.rt_psq_enq        RTX_CM4.lib(rt_list.o)
    0x080043c4   0x00000048   Code   RO         3938    i.rt_put_dly        RTX_CM4.lib(rt_list.o)
    0x0800440c   0x00000036   Code   RO         3939    i.rt_put_prio       RTX_CM4.lib(rt_list.o)
    0x08004442   0x00000002   PAD
    0x08004444   0x00000014   Code   RO         3940    i.rt_put_rdy_first  RTX_CM4.lib(rt_list.o)
    0x08004458   0x00000034   Code   RO         3941    i.rt_resort_prio    RTX_CM4.lib(rt_list.o)
    0x0800448c   0x00000010   Code   RO         4221    i.rt_ret_regs       RTX_CM4.lib(hal_cm.o)
    0x0800449c   0x0000000c   Code   RO         4222    i.rt_ret_val        RTX_CM4.lib(hal_cm.o)
    0x080044a8   0x00000010   Code   RO         4223    i.rt_ret_val2       RTX_CM4.lib(hal_cm.o)
    0x080044b8   0x00000028   Code   RO         3942    i.rt_rmv_dly        RTX_CM4.lib(rt_list.o)
    0x080044e0   0x00000030   Code   RO         3943    i.rt_rmv_list       RTX_CM4.lib(rt_list.o)
    0x08004510   0x00000034   Code   RO         4061    i.rt_sem_psh        RTX_CM4.lib(rt_semaphore.o)
    0x08004544   0x00000024   Code   RO         3809    i.rt_stk_check      RTX_CM4.lib(rt_system.o)
    0x08004568   0x00000028   Code   RO         3720    i.rt_switch_req     RTX_CM4.lib(rt_task.o)
    0x08004590   0x000000cc   Code   RO         3721    i.rt_sys_init       RTX_CM4.lib(rt_task.o)
    0x0800465c   0x00000078   Code   RO         3722    i.rt_sys_start      RTX_CM4.lib(rt_task.o)
    0x080046d4   0x00000040   Code   RO         3811    i.rt_systick        RTX_CM4.lib(rt_system.o)
    0x08004714   0x00000012   Code   RO         3164    i.rt_tid2ptcb       RTX_CM4.lib(rt_cmsis.o)
    0x08004726   0x00000002   PAD
    0x08004728   0x00000038   Code   RO         3165    i.rt_timer_insert   RTX_CM4.lib(rt_cmsis.o)
    0x08004760   0x00000084   Code   RO         3723    i.rt_tsk_create     RTX_CM4.lib(rt_task.o)
    0x080047e4   0x00000174   Code   RO         3724    i.rt_tsk_delete     RTX_CM4.lib(rt_task.o)
    0x08004958   0x00000030   Code   RO         3725    i.rt_tsk_pass       RTX_CM4.lib(rt_task.o)
    0x08004988   0x0000007c   Code   RO         3726    i.rt_tsk_prio       RTX_CM4.lib(rt_task.o)
    0x08004a04   0x00000010   Code   RO         3727    i.rt_tsk_self       RTX_CM4.lib(rt_task.o)
    0x08004a14   0x00000014   Code   RO         3167    i.svcDelay          RTX_CM4.lib(rt_cmsis.o)
    0x08004a28   0x00000070   Code   RO         3168    i.svcKernelInitialize  RTX_CM4.lib(rt_cmsis.o)
    0x08004a98   0x00000048   Code   RO         3170    i.svcKernelStart    RTX_CM4.lib(rt_cmsis.o)
    0x08004ae0   0x00000024   Code   RO         3173    i.svcMessageCreate  RTX_CM4.lib(rt_cmsis.o)
    0x08004b04   0x0000003a   Code   RO         3174    i.svcMessageGet     RTX_CM4.lib(rt_cmsis.o)
    0x08004b3e   0x00000002   PAD
    0x08004b40   0x00000070   Code   RO         3188    i.svcThreadCreate   RTX_CM4.lib(rt_cmsis.o)
    0x08004bb0   0x0000001c   Code   RO         3189    i.svcThreadGetId    RTX_CM4.lib(rt_cmsis.o)
    0x08004bcc   0x00000038   Code   RO         3192    i.svcThreadTerminate  RTX_CM4.lib(rt_cmsis.o)
    0x08004c04   0x0000000a   Code   RO         3193    i.svcThreadYield    RTX_CM4.lib(rt_cmsis.o)
    0x08004c0e   0x00000018   Code   RO         3194    i.svcTimerCall      RTX_CM4.lib(rt_cmsis.o)
    0x08004c26   0x00000002   PAD
    0x08004c28   0x00000054   Code   RO         3203    i.sysTimerTick      RTX_CM4.lib(rt_cmsis.o)
    0x08004c7c   0x00000008   Data   RO           15    .constdata          stm32f4xx_hal_dma.o
    0x08004c84   0x00000010   Data   RO         2479    .constdata          stm32f4xx_hal_rcc.o
    0x08004c94   0x00000010   Data   RO         2695    .constdata          thread_lcd.o
    0x08004ca4   0x00000010   Data   RO         2763    .constdata          thread_uart.o
    0x08004cb4   0x00000002   Data   RO         2840    .constdata          rtx_conf_cm.o
    0x08004cb6   0x00000002   PAD
    0x08004cb8   0x00000004   Data   RO         2841    .constdata          rtx_conf_cm.o
    0x08004cbc   0x00000004   Data   RO         2842    .constdata          rtx_conf_cm.o
    0x08004cc0   0x00000004   Data   RO         2846    .constdata          rtx_conf_cm.o
    0x08004cc4   0x00000001   Data   RO         2847    .constdata          rtx_conf_cm.o
    0x08004cc5   0x00000003   PAD
    0x08004cc8   0x00000010   Data   RO         2848    .constdata          rtx_conf_cm.o
    0x08004cd8   0x00000002   Data   RO         2849    .constdata          rtx_conf_cm.o
    0x08004cda   0x00000002   PAD
    0x08004cdc   0x00000004   Data   RO         2850    .constdata          rtx_conf_cm.o
    0x08004ce0   0x00000004   Data   RO         2851    .constdata          rtx_conf_cm.o
    0x08004ce4   0x00000001   Data   RO         2852    .constdata          rtx_conf_cm.o
    0x08004ce5   0x00000003   PAD
    0x08004ce8   0x00000010   Data   RO         2853    .constdata          rtx_conf_cm.o
    0x08004cf8   0x00000008   Data   RO         2854    .constdata          rtx_conf_cm.o
    0x08004d00   0x00000002   Data   RO         2855    .constdata          rtx_conf_cm.o
    0x08004d02   0x00000040   Data   RO         4638    .constdata          mc_w.l(ctype_c.o)
    0x08004d42   0x00000002   PAD
    0x08004d44   0x00000020   Data   RO         4646    Region$$Table       anon$$obj.o


    Execution Region RW_IRAM1 (Base: 0x20000000, Size: 0x00004010, Max: 0x00020000, ABSOLUTE)

    Base Addr    Size         Type   Attr      Idx    E Section Name        Object

    0x20000000   0x00000004   Data   RW          830    .data               stm32f4xx_hal.o
    0x20000004   0x00000004   Data   RW         2696    .data               thread_lcd.o
    0x20000008   0x00000008   Data   RW         2764    .data               thread_uart.o
    0x20000010   0x00000007   Data   RW         2811    .data               gps.o
    0x20000017   0x00000001   PAD
    0x20000018   0x00000004   Data   RW         2857    .data               rtx_conf_cm.o
    0x2000001c   0x00000010   Data   RW         2858    .data               rtx_conf_cm.o
    0x2000002c   0x00000004   Data   RW         2859    .data               rtx_conf_cm.o
    0x20000030   0x00000004   Data   RW         2860    .data               rtx_conf_cm.o
    0x20000034   0x00000014   Data   RW         2902    .data               system_stm32f4xx.o
    0x20000048   0x00000008   Data   RW         3206    .data               RTX_CM4.lib(rt_cmsis.o)
    0x20000050   0x00000008   Data   RW         3729    .data               RTX_CM4.lib(rt_task.o)
    0x20000058   0x00000008   Data   RW         3814    .data               RTX_CM4.lib(rt_system.o)
    0x20000060   0x00000004   Data   RW         4104    .data               RTX_CM4.lib(rt_time.o)
    0x20000064   0x00000001   Data   RW         4224    .data               RTX_CM4.lib(hal_cm.o)
    0x20000065   0x00000003   PAD
    0x20000068   0x00000008   Data   RW         4272    .data               RTX_CM4.lib(rt_robin.o)
    0x20000070   0x00000004   Data   RW         4600    .data               mc_w.l(errno.o)
    0x20000074   0x00000004   PAD
    0x20000078   0x00000198   Zero   RW         2761    .bss                thread_uart.o
    0x20000210   0x00000300   Zero   RW         2810    .bss                gps.o
    0x20000510   0x00000020   Zero   RW         2834    .bss                rtx_conf_cm.o
    0x20000530   0x00000178   Zero   RW         2835    .bss                rtx_conf_cm.o
    0x200006a8   0x00002ef0   Zero   RW         2836    .bss                rtx_conf_cm.o
    0x20003598   0x00000408   Zero   RW         2837    .bss                rtx_conf_cm.o
    0x200039a0   0x00000084   Zero   RW         2838    .bss                rtx_conf_cm.o
    0x20003a24   0x0000001c   Zero   RW         2839    .bss                rtx_conf_cm.o
    0x20003a40   0x00000114   Zero   RW         3061    .bss                main.o
    0x20003b54   0x00000058   Zero   RW         3062    .bss                main.o
    0x20003bac   0x00000034   Zero   RW         3728    .bss                RTX_CM4.lib(rt_task.o)
    0x20003be0   0x00000030   Zero   RW         3944    .bss                RTX_CM4.lib(rt_list.o)
    0x20003c10   0x00000400   Zero   RW         2890    STACK               startup_stm32f407xx.o


==============================================================================

Image component sizes


      Code (inc. data)   RO Data    RW Data    ZI Data      Debug   Object Name

       172          8          0          7        768       1472   gps.o
      1032         80          0          0        364       5016   main.o
        28          6         68         28      13616       7788   rtx_conf_cm.o
        36          8        392          0       1024        908   startup_stm32f407xx.o
        98         10          0          4          0       3333   stm32f4xx_hal.o
      1050         22          0          0          0       5546   stm32f4xx_hal_adc.o
         2          0          0          0          0       1081   stm32f4xx_hal_adc_ex.o
       218         14          0          0          0      31021   stm32f4xx_hal_cortex.o
       106          0          0          0          0       1939   stm32f4xx_hal_dac.o
       576         14          8          0          0     399532   stm32f4xx_hal_dma.o
       458         50          0          0          0       2460   stm32f4xx_hal_gpio.o
       504         74          0          0          0       4450   stm32f4xx_hal_msp.o
      1312         64         16          0          0       6107   stm32f4xx_hal_rcc.o
      1222         80          0          0          0      11134   stm32f4xx_hal_tim.o
        80          0          0          0          0       1340   stm32f4xx_hal_tim_ex.o
      1352          8          0          0          0       5926   stm32f4xx_hal_uart.o
        36         18          0          0          0       1535   stm32f4xx_it.o
        84         18          0         20          0       1345   system_stm32f4xx.o
       570         54         16          4          0       8783   thread_lcd.o
       232         44         16          8        408       3652   thread_uart.o

    ----------------------------------------------------------------------
      9192        572        558         72      16180     504368   Object Totals
         0          0         32          0          0          0   (incl. Generated)
        24          0         10          1          0          0   (incl. Padding)

    ----------------------------------------------------------------------

      Code (inc. data)   RO Data    RW Data    ZI Data      Debug   Library Member Name

       220         24          0          1          0       3428   hal_cm.o
       384         28          0          0          0        720   hal_cm4.o
      1186        154          0          8          0      29032   rt_cmsis.o
        80          4          0          0          0        541   rt_event.o
       562         46          0          0         48       7432   rt_list.o
       546         10          0          0          0       3225   rt_mailbox.o
       128          0          0          0          0       1585   rt_membox.o
       126          0          0          0          0       1895   rt_memory.o
        96         22          0          8          0       1014   rt_robin.o
        52          4          0          0          0        485   rt_semaphore.o
       298         54          0          8          0       5563   rt_system.o
      1252        186          0          8         52       8775   rt_task.o
         6          0          0          4          0        524   rt_time.o
         4          4          0          0          0        124   svc_table.o
        56         12          0          0          0        132   atof.o
        64          0          0          0          0         84   _sgetc.o
        40          6         64          0          0         68   ctype_c.o
         0          0          0          0          0          0   entry.o
         0          0          0          0          0          0   entry10a.o
         0          0          0          0          0          0   entry11a.o
         8          4          0          0          0          0   entry2.o
         4          0          0          0          0          0   entry5.o
         0          0          0          0          0          0   entry7b.o
         0          0          0          0          0          0   entry8b.o
        24         12          0          4          0        136   errno.o
        30          0          0          0          0          0   handlers.o
        36          8          0          0          0         68   init.o
        10          0          0          0          0         68   isspace_c.o
         0          0          0          0          0          0   iusefp.o
        30          0          0          0          0         68   llshl.o
        36          0          0          0          0         68   llsshr.o
        32          0          0          0          0         68   llushr.o
      2244         86          0          0          0        512   printfa.o
       838         12          0          0          0        216   scanf_fp.o
        28          0          0          0          0         76   strcmp.o
       156         14          0          0          0        120   strtod.o
        44          0          0          0          0         80   uidiv.o
        98          0          0          0          0         92   uldiv.o
        48          0          0          0          0         68   cdrcmple.o
        56          0          0          0          0         88   d2f.o
       334          0          0          0          0        148   dadd.o
       222          0          0          0          0        100   ddiv.o
       186          0          0          0          0        176   depilogue.o
        48          0          0          0          0         68   dfixul.o
        24          0          0          0          0         76   dfltul.o
       228          0          0          0          0         96   dmul.o
       110          0          0          0          0        168   fepilogue.o

    ----------------------------------------------------------------------
      9996        690         66         44        104      67187   Library Totals
        22          0          2          3          4          0   (incl. Padding)

    ----------------------------------------------------------------------

      Code (inc. data)   RO Data    RW Data    ZI Data      Debug   Library Name

      4940        536          0         37        100      64343   RTX_CM4.lib
        56         12          0          0          0        132   m_wm.l
      3722        142         64          4          0       1724   mc_w.l
      1256          0          0          0          0        988   mf_w.l

    ----------------------------------------------------------------------
      9996        690         66         44        104      67187   Library Totals

    ----------------------------------------------------------------------

==============================================================================


      Code (inc. data)   RO Data    RW Data    ZI Data      Debug   

     19188       1262        624        116      16284     555207   Grand Totals
     19188       1262        624        116      16284     555207   ELF Image Totals
     19188       1262        624        116          0          0   ROM Totals

==============================================================================

    Total RO  Size (Code + RO Data)                19812 (  19.35kB)
    Total RW  Size (RW Data + ZI Data)             16400 (  16.02kB)
    Total ROM Size (Code + RO Data + RW Data)      19928 (  19.46kB)

==============================================================================

